BL51 BANKED LINKER/LOCATER V6.22                                                        11/14/2015  22:44:53  PAGE 1


BL51 BANKED LINKER/LOCATER V6.22, INVOKED BY:
D:\KEIL_V5\C51\BIN\BL51.EXE STARTUP.obj, main.obj TO test3 RAMSIZE (256)


MEMORY MODEL: LARGE WITH FLOATING POINT ARITHMETIC


INPUT MODULES INCLUDED:
  STARTUP.obj (?C_STARTUP)
  main.obj (MAIN)
  D:\KEIL_V5\C51\LIB\C51FPL.LIB (?C?FPADD)
  D:\KEIL_V5\C51\LIB\C51FPL.LIB (?C?FPMUL)
  D:\KEIL_V5\C51\LIB\C51FPL.LIB (?C?FPDIV)
  D:\KEIL_V5\C51\LIB\C51FPL.LIB (?C?FCAST)
  D:\KEIL_V5\C51\LIB\C51FPL.LIB (?C?CASTF)
  D:\KEIL_V5\C51\LIB\C51FPL.LIB (?C?FPGETOPN)
  D:\KEIL_V5\C51\LIB\C51L.LIB (?C_INIT)
  D:\KEIL_V5\C51\LIB\C51L.LIB (?C?CSTPTR)
  D:\KEIL_V5\C51\LIB\C51L.LIB (?C?IILDX)
  D:\KEIL_V5\C51\LIB\C51L.LIB (?C?LNEG)
  D:\KEIL_V5\C51\LIB\C51L.LIB (?C?LSTXDATA)
  D:\KEIL_V5\C51\LIB\C51L.LIB (STRCAT)
  D:\KEIL_V5\C51\LIB\C51L.LIB (STRLEN)
  D:\KEIL_V5\C51\LIB\C51L.LIB (?C?CLDPTR)
  D:\KEIL_V5\C51\LIB\C51L.LIB (?C?ILDIX)


LINK MAP OF MODULE:  test3 (?C_STARTUP)


            TYPE    BASE      LENGTH    RELOCATION   SEGMENT NAME
            -----------------------------------------------------

            * * * * * * *   D A T A   M E M O R Y   * * * * * * *
            REG     0000H     0008H     ABSOLUTE     "REG BANK 0"
            DATA    0008H     0003H     UNIT         _DATA_GROUP_
            DATA    000BH     0001H     UNIT         ?DT?_UART0_SENDBYTE?MAIN
                    000CH     0014H                  *** GAP ***
            BIT     0020H.0   0000H.2   UNIT         ?BI?MAIN
                    0020H.2   0000H.6                *** GAP ***
            IDATA   0021H     0001H     UNIT         ?STACK

            * * * * * * *  X D A T A   M E M O R Y  * * * * * * *
            XDATA   0000H     006BH     UNIT         ?XD?MAIN
            XDATA   006BH     0009H     UNIT         ?XD?_STRCAT?STRCAT
            XDATA   0074H     0006H     UNIT         _XDATA_GROUP_

            * * * * * * *   C O D E   M E M O R Y   * * * * * * *
            CODE    0000H     0003H     ABSOLUTE     
                    0003H     0008H                  *** GAP ***
            CODE    000BH     0003H     ABSOLUTE     
            CODE    000EH     000BH     UNIT         ?CO?MAIN
                    0019H     0002H                  *** GAP ***
            CODE    001BH     0003H     ABSOLUTE     
                    001EH     0005H                  *** GAP ***
            CODE    0023H     0003H     ABSOLUTE     
            CODE    0026H     03CEH     UNIT         ?C?LIB_CODE
            CODE    03F4H     01E8H     UNIT         ?PR?MAIN?MAIN
BL51 BANKED LINKER/LOCATER V6.22                                                      11/14/2015  22:44:53  PAGE 2


            CODE    05DCH     00C4H     UNIT         ?PR?UART0_INTERRUPT?MAIN
            CODE    06A0H     0098H     UNIT         ?PR?_TIMER0_INIT?MAIN
            CODE    0738H     0098H     UNIT         ?PR?_TIMER1_INIT?MAIN
            CODE    07D0H     008CH     UNIT         ?C_C51STARTUP
            CODE    085CH     008CH     UNIT         ?PR?RERANGETHEBUFFERQUEUE?MAIN
            CODE    08E8H     006BH     UNIT         ?C_INITSEG
            CODE    0953H     006BH     UNIT         ?PR?_STRCAT?STRCAT
            CODE    09BEH     0062H     UNIT         ?PR?OSCILLATOR_INIT?MAIN
            CODE    0A20H     0046H     UNIT         ?PR?TIMER0_ISR?MAIN
            CODE    0A66H     003AH     UNIT         ?PR?TIMER1_ISR?MAIN
            CODE    0AA0H     002CH     UNIT         ?PR?WIRELESSMODULE_INIT?MAIN
            CODE    0ACCH     0028H     UNIT         ?PR?UART0_INIT?MAIN
            CODE    0AF4H     0021H     UNIT         ?PR?_UART0_SENDBYTE?MAIN
            CODE    0B15H     0020H     UNIT         ?PR?PORT_INIT?MAIN
            CODE    0B35H     0015H     UNIT         ?PR?_STRLEN?STRLEN



OVERLAY MAP OF MODULE:   test3 (?C_STARTUP)


SEGMENT                                  DATA_GROUP          XDATA_GROUP
  +--> CALLED SEGMENT                  START    LENGTH     START    LENGTH
--------------------------------------------------------------------------
?C_C51STARTUP                          -----    -----      -----    -----
  +--> ?PR?MAIN?MAIN
  +--> ?C_INITSEG

?PR?MAIN?MAIN                          -----    -----      0074H    0002H
  +--> ?PR?OSCILLATOR_INIT?MAIN
  +--> ?PR?PORT_INIT?MAIN
  +--> ?PR?_TIMER0_INIT?MAIN
  +--> ?PR?_TIMER1_INIT?MAIN

?PR?_TIMER0_INIT?MAIN                  0008H    0001H      0076H    0002H

?PR?_TIMER1_INIT?MAIN                  0008H    0001H      0076H    0002H

*** NEW ROOT ***************************************************

?PR?UART0_INTERRUPT?MAIN               -----    -----      -----    -----
  +--> ?PR?RERANGETHEBUFFERQUEUE?MAIN

?PR?RERANGETHEBUFFERQUEUE?MAIN         -----    -----      0078H    0002H

*** NEW ROOT ***************************************************

?PR?TIMER0_ISR?MAIN                    0009H    0001H      -----    -----

*** NEW ROOT ***************************************************

?PR?TIMER1_ISR?MAIN                    000AH    0001H      -----    -----



SYMBOL TABLE OF MODULE:  test3 (?C_STARTUP)

BL51 BANKED LINKER/LOCATER V6.22                                                      11/14/2015  22:44:53  PAGE 3


  VALUE           TYPE          NAME
  ----------------------------------

  -------         MODULE        ?C_STARTUP
  C:07D0H         SEGMENT       ?C_C51STARTUP
  I:0021H         SEGMENT       ?STACK
  C:0000H         PUBLIC        ?C_STARTUP
  D:00E0H         SYMBOL        ACC
  D:00F0H         SYMBOL        B
  D:0083H         SYMBOL        DPH
  D:0082H         SYMBOL        DPL
  N:0000H         SYMBOL        IBPSTACK
  N:0100H         SYMBOL        IBPSTACKTOP
  N:0080H         SYMBOL        IDATALEN
  C:07D3H         SYMBOL        IDATALOOP
  N:0000H         SYMBOL        PBPSTACK
  N:0100H         SYMBOL        PBPSTACKTOP
  N:0000H         SYMBOL        PDATALEN
  N:0000H         SYMBOL        PDATASTART
  N:0000H         SYMBOL        PPAGE
  N:0000H         SYMBOL        PPAGEENABLE
  D:00A0H         SYMBOL        PPAGE_SFR
  D:0081H         SYMBOL        SP
  C:07D0H         SYMBOL        STARTUP1
  N:0000H         SYMBOL        XBPSTACK
  N:0000H         SYMBOL        XBPSTACKTOP
  N:0000H         SYMBOL        XDATALEN
  N:0000H         SYMBOL        XDATASTART
  C:0000H         LINE#         126
  C:07D0H         LINE#         133
  C:07D2H         LINE#         134
  C:07D3H         LINE#         135
  C:07D4H         LINE#         136
  C:07D6H         LINE#         185
  C:07D9H         LINE#         196
  -------         ENDMOD        ?C_STARTUP

  -------         MODULE        MAIN
  C:0000H         SYMBOL        _ICE_DUMMY_
  D:008FH         PUBLIC        PLL0FLT
  D:00FFH         PUBLIC        WDTCN
  D:00B0H         PUBLIC        P3
  C:0A20H         PUBLIC        Timer0_ISR
  B:0020H.0       PUBLIC        pwm1_flag
  D:00C8H         PUBLIC        P4
  C:0A66H         PUBLIC        Timer1_ISR
  X:0000H         PUBLIC        TX_Ready
  D:00D8H         PUBLIC        P5
  B:0020H.1       PUBLIC        pwm3_flag
  B:00A8H.7       PUBLIC        EA
  D:008EH         PUBLIC        PLL0MUL
  D:0084H         PUBLIC        SFRPAGE
  D:00A4H         PUBLIC        P0MDOUT
  D:00A5H         PUBLIC        P1MDOUT
  D:00A7H         PUBLIC        P3MDOUT
  D:009CH         PUBLIC        P4MDOUT
  D:009DH         PUBLIC        P5MDOUT
BL51 BANKED LINKER/LOCATER V6.22                                                      11/14/2015  22:44:53  PAGE 4


  X:0001H         PUBLIC        PWM1_HighLevelCount
  X:0003H         PUBLIC        PWM3_HighLevelCount
  X:0005H         SYMBOL        Byte
  D:00B8H         PUBLIC        IP
  D:00E1H         PUBLIC        XBR0
  D:00E2H         PUBLIC        XBR1
  D:00E3H         PUBLIC        XBR2
  C:05DCH         PUBLIC        UART0_Interrupt
  B:00C8H.4       PUBLIC        PWM1
  D:00CCH         PUBLIC        TMR2
  C:03F4H         PUBLIC        main
  B:00B0H.4       PUBLIC        PWM3
  X:0006H         PUBLIC        TH0_low_pre
  C:06A0H         PUBLIC        _TIMER0_Init
  X:0008H         PUBLIC        TH1_low_pre
  C:0738H         PUBLIC        _TIMER1_Init
  D:0089H         PUBLIC        PLL0CN
  X:000AH         PUBLIC        TL0_low_pre
  X:000CH         PUBLIC        TL1_low_pre
  D:00C9H         PUBLIC        TMR2CF
  C:0AA0H         PUBLIC        WirelessModule_Init
  D:0089H         PUBLIC        TMOD
  D:0088H         PUBLIC        TCON
  D:00C8H         PUBLIC        TMR2CN
  C:0B15H         PUBLIC        PORT_Init
  D:0097H         PUBLIC        CLKSEL
  D:008AH         PUBLIC        OSCICN
  X:000EH         PUBLIC        PWM1_LowLevelCount
  X:0010H         PUBLIC        PWM3_LowLevelCount
  B:00A8H.4       PUBLIC        ES0
  B:00A8H.1       PUBLIC        ET0
  B:00A8H.3       PUBLIC        ET1
  B:0088H.5       PUBLIC        TF0
  B:0098H.0       PUBLIC        RI0
  B:0088H.7       PUBLIC        TF1
  X:0012H         PUBLIC        TxOrder
  D:008CH         PUBLIC        TH0
  B:0098H.1       PUBLIC        TI0
  D:008DH         PUBLIC        TH1
  D:008CH         PUBLIC        OSCXCN
  D:008AH         PUBLIC        TL0
  D:008BH         PUBLIC        TL1
  C:0AF4H         PUBLIC        _Uart0_SendByte
  C:085CH         PUBLIC        RerangeTheBufferQueue
  B:0088H.4       PUBLIC        TR0
  B:0088H.6       PUBLIC        TR1
  B:00C8H.2       PUBLIC        TR2
  X:0013H         PUBLIC        UART_Buffer_QueueHead
  D:00CAH         PUBLIC        RCAP2
  X:0016H         PUBLIC        PWM1_HighLevelPercent
  X:001AH         PUBLIC        PWM3_HighLevelPercent
  X:001EH         PUBLIC        PWM_Degree_uc
  X:001FH         PUBLIC        UART_Buffer_QueueBottom
  D:0099H         PUBLIC        SBUF0
  X:0022H         PUBLIC        TxByte
  X:0023H         PUBLIC        UART_Buffer_Queue
  C:0ACCH         PUBLIC        UART0_Init
BL51 BANKED LINKER/LOCATER V6.22                                                      11/14/2015  22:44:53  PAGE 5


  D:0098H         PUBLIC        SCON0
  D:0091H         PUBLIC        SSTA0
  D:008EH         PUBLIC        CKCON
  D:00B7H         PUBLIC        FLSCL
  C:09BEH         PUBLIC        OSCILLATOR_Init
  X:0063H         PUBLIC        TH0_high_pre
  X:0065H         PUBLIC        TH1_high_pre
  X:0067H         PUBLIC        TL0_high_pre
  X:0069H         PUBLIC        TL1_high_pre
  D:008DH         PUBLIC        PLL0DIV
  -------         PROC          MAIN
  -------         DO            
  X:0074H         SYMBOL        count
  -------         ENDDO         
  C:03F4H         LINE#         115
  C:03F4H         LINE#         116
  C:03F4H         LINE#         117
  C:03FBH         LINE#         118
  C:03FEH         LINE#         120
  C:0401H         LINE#         121
  C:0404H         LINE#         123
  C:0407H         LINE#         124
  C:040AH         LINE#         125
  C:0411H         LINE#         126
  C:0418H         LINE#         130
  C:041AH         LINE#         132
  C:0424H         LINE#         137
  C:0424H         LINE#         138
  C:0424H         LINE#         139
  C:0427H         LINE#         140
  C:042DH         LINE#         141
  C:0439H         LINE#         142
  C:0439H         LINE#         143
  C:044DH         LINE#         144
  C:048FH         LINE#         145
  C:04B7H         LINE#         146
  C:04B7H         LINE#         148
  C:04C6H         LINE#         149
  C:04C6H         LINE#         150
  C:04DFH         LINE#         151
  C:0521H         LINE#         152
  C:0549H         LINE#         153
  C:0549H         LINE#         156
  C:0564H         LINE#         157
  C:057BH         LINE#         158
  C:0593H         LINE#         159
  C:05AAH         LINE#         160
  C:05B2H         LINE#         161
  C:05B9H         LINE#         162
  C:05D2H         LINE#         163
  C:05D9H         LINE#         165
  -------         ENDPROC       MAIN
  -------         PROC          OSCILLATOR_INIT
  -------         DO            
  D:0004H         SYMBOL        i
  D:0007H         SYMBOL        SFRPAGE_SAVE
  -------         ENDDO         
BL51 BANKED LINKER/LOCATER V6.22                                                      11/14/2015  22:44:53  PAGE 6


  C:09BEH         LINE#         183
  C:09BEH         LINE#         184
  C:09BEH         LINE#         187
  C:09C0H         LINE#         189
  C:09C3H         LINE#         191
  C:09C6H         LINE#         194
  C:09C9H         LINE#         199
  C:09CCH         LINE#         200
  C:09DBH         LINE#         202
  C:09E0H         LINE#         204
  C:09E3H         LINE#         205
  C:09E6H         LINE#         208
  C:09E6H         LINE#         210
  C:09E6H         LINE#         211
  C:09E6H         LINE#         213
  C:09E9H         LINE#         214
  C:09E9H         LINE#         216
  C:09E9H         LINE#         217
  C:09E9H         LINE#         218
  C:09E9H         LINE#         219
  C:09E9H         LINE#         222
  C:09ECH         LINE#         223
  C:09EFH         LINE#         224
  C:09F2H         LINE#         225
  C:09F5H         LINE#         226
  C:09F8H         LINE#         227
  C:09FBH         LINE#         228
  C:09FEH         LINE#         229
  C:0A01H         LINE#         231
  C:0A04H         LINE#         234
  C:0A14H         LINE#         236
  C:0A17H         LINE#         238
  C:0A17H         LINE#         240
  C:0A1AH         LINE#         242
  C:0A1DH         LINE#         244
  C:0A1FH         LINE#         245
  -------         ENDPROC       OSCILLATOR_INIT
  -------         PROC          PORT_INIT
  -------         DO            
  D:0007H         SYMBOL        SFRPAGE_SAVE
  -------         ENDDO         
  C:0B15H         LINE#         260
  C:0B15H         LINE#         261
  C:0B15H         LINE#         262
  C:0B17H         LINE#         264
  C:0B1AH         LINE#         266
  C:0B1DH         LINE#         267
  C:0B20H         LINE#         268
  C:0B23H         LINE#         271
  C:0B26H         LINE#         272
  C:0B29H         LINE#         273
  C:0B2CH         LINE#         274
  C:0B2FH         LINE#         275
  C:0B32H         LINE#         276
  C:0B34H         LINE#         277
  -------         ENDPROC       PORT_INIT
  -------         PROC          UART0_INIT
BL51 BANKED LINKER/LOCATER V6.22                                                      11/14/2015  22:44:53  PAGE 7


  -------         DO            
  D:0007H         SYMBOL        SFRPAGE_SAVE
  -------         ENDDO         
  C:0ACCH         LINE#         291
  C:0ACCH         LINE#         292
  C:0ACCH         LINE#         295
  C:0ACEH         LINE#         297
  C:0AD1H         LINE#         299
  C:0AD3H         LINE#         301
  C:0AD6H         LINE#         303
  C:0ADCH         LINE#         304
  C:0AE2H         LINE#         305
  C:0AE4H         LINE#         307
  C:0AE6H         LINE#         309
  C:0AE9H         LINE#         312
  C:0AECH         LINE#         317
  C:0AEEH         LINE#         318
  C:0AF1H         LINE#         320
  C:0AF3H         LINE#         321
  -------         ENDPROC       UART0_INIT
  -------         PROC          UART0_INTERRUPT
  C:05DCH         LINE#         337
  C:05F9H         LINE#         339
  C:05FCH         LINE#         341
  C:061AH         LINE#         342
  C:061AH         LINE#         343
  C:061CH         LINE#         344
  C:0622H         LINE#         346
  C:0635H         LINE#         347
  C:0635H         LINE#         348
  C:0647H         LINE#         349
  C:0651H         LINE#         350
  C:0664H         LINE#         351
  C:0664H         LINE#         352
  C:0666H         LINE#         354
  C:0669H         LINE#         355
  C:0669H         LINE#         357
  C:066CH         LINE#         358
  C:066CH         LINE#         359
  C:066EH         LINE#         360
  C:0675H         LINE#         361
  C:0675H         LINE#         362
  C:0677H         LINE#         363
  C:067DH         LINE#         364
  C:067FH         LINE#         366
  C:067FH         LINE#         367
  C:0685H         LINE#         368
  C:0685H         LINE#         369
  C:0685H         LINE#         370
  -------         ENDPROC       UART0_INTERRUPT
  -------         PROC          RERANGETHEBUFFERQUEUE
  -------         DO            
  X:0078H         SYMBOL        count
  D:0006H         SYMBOL        i
  -------         ENDDO         
  C:085CH         LINE#         378
  C:085CH         LINE#         379
BL51 BANKED LINKER/LOCATER V6.22                                                      11/14/2015  22:44:53  PAGE 8


  C:085CH         LINE#         380
  C:087BH         LINE#         381
  C:087EH         LINE#         382
  C:0891H         LINE#         383
  C:0891H         LINE#         384
  C:08A4H         LINE#         385
  C:08AEH         LINE#         387
  C:08B5H         LINE#         388
  C:08C3H         LINE#         389
  C:08E7H         LINE#         390
  -------         ENDPROC       RERANGETHEBUFFERQUEUE
  -------         PROC          WIRELESSMODULE_INIT
  C:0AA0H         LINE#         396
  C:0AA0H         LINE#         397
  C:0AA0H         LINE#         398
  C:0AA3H         LINE#         399
  C:0ABAH         LINE#         400
  -------         ENDPROC       WIRELESSMODULE_INIT
  -------         PROC          _UART0_SENDBYTE
  D:0007H         SYMBOL        value
  -------         DO            
  D:000BH         SYMBOL        SFRPAGE_SAVE
  -------         ENDDO         
  C:0AF4H         LINE#         407
  C:0AF4H         LINE#         408
  C:0AF4H         LINE#         409
  C:0AF7H         LINE#         410
  C:0AFAH         LINE#         412
  C:0B00H         LINE#         413
  C:0B05H         LINE#         414
  C:0B0AH         LINE#         415
  C:0B0FH         LINE#         416
  C:0B11H         LINE#         419
  C:0B14H         LINE#         420
  -------         ENDPROC       _UART0_SENDBYTE
  -------         PROC          _TIMER0_INIT
  X:0076H         SYMBOL        count
  -------         DO            
  D:0008H         SYMBOL        SFRPAGE_SAVE
  -------         ENDDO         
  C:06A0H         LINE#         421
  C:06A8H         LINE#         422
  C:06A8H         LINE#         424
  C:06ABH         LINE#         425
  C:06EDH         LINE#         426
  C:0715H         LINE#         427
  C:0718H         LINE#         428
  C:071BH         LINE#         429
  C:071BH         LINE#         430
  C:071EH         LINE#         431
  C:0721H         LINE#         432
  C:0724H         LINE#         433
  C:0726H         LINE#         434
  C:072EH         LINE#         435
  C:0730H         LINE#         436
  C:0732H         LINE#         437
  C:0734H         LINE#         438
BL51 BANKED LINKER/LOCATER V6.22                                                      11/14/2015  22:44:53  PAGE 9


  C:0737H         LINE#         439
  -------         ENDPROC       _TIMER0_INIT
  -------         PROC          _TIMER1_INIT
  X:0076H         SYMBOL        count
  -------         DO            
  D:0008H         SYMBOL        SFRPAGE_SAVE
  -------         ENDDO         
  C:0738H         LINE#         440
  C:0740H         LINE#         441
  C:0740H         LINE#         442
  C:0743H         LINE#         443
  C:0785H         LINE#         444
  C:07ADH         LINE#         445
  C:07B0H         LINE#         446
  C:07B3H         LINE#         448
  C:07B6H         LINE#         449
  C:07B9H         LINE#         450
  C:07BCH         LINE#         451
  C:07BEH         LINE#         452
  C:07C6H         LINE#         453
  C:07C8H         LINE#         454
  C:07CAH         LINE#         455
  C:07CCH         LINE#         456
  C:07CFH         LINE#         457
  -------         ENDPROC       _TIMER1_INIT
  -------         PROC          TIMER0_ISR
  -------         DO            
  D:0009H         SYMBOL        SFRPAGE_SAVE
  -------         ENDDO         
  C:0A20H         LINE#         458
  C:0A26H         LINE#         460
  C:0A29H         LINE#         461
  C:0A2CH         LINE#         463
  C:0A2FH         LINE#         464
  C:0A2FH         LINE#         466
  C:0A31H         LINE#         467
  C:0A34H         LINE#         468
  C:0A36H         LINE#         469
  C:0A39H         LINE#         472
  C:0A40H         LINE#         473
  C:0A43H         LINE#         474
  C:0A45H         LINE#         476
  C:0A45H         LINE#         478
  C:0A45H         LINE#         479
  C:0A47H         LINE#         480
  C:0A4AH         LINE#         481
  C:0A4CH         LINE#         482
  C:0A4FH         LINE#         485
  C:0A56H         LINE#         486
  C:0A5DH         LINE#         487
  C:0A5FH         LINE#         489
  -------         ENDPROC       TIMER0_ISR
  -------         PROC          TIMER1_ISR
  -------         DO            
  D:000AH         SYMBOL        SFRPAGE_SAVE
  -------         ENDDO         
  C:0A66H         LINE#         492
BL51 BANKED LINKER/LOCATER V6.22                                                      11/14/2015  22:44:53  PAGE 10


  C:0A6CH         LINE#         494
  C:0A6FH         LINE#         495
  C:0A72H         LINE#         496
  C:0A75H         LINE#         497
  C:0A75H         LINE#         499
  C:0A77H         LINE#         500
  C:0A79H         LINE#         503
  C:0A80H         LINE#         504
  C:0A83H         LINE#         505
  C:0A85H         LINE#         507
  C:0A85H         LINE#         509
  C:0A85H         LINE#         510
  C:0A87H         LINE#         511
  C:0A89H         LINE#         514
  C:0A90H         LINE#         515
  C:0A97H         LINE#         516
  C:0A99H         LINE#         518
  -------         ENDPROC       TIMER1_ISR
  -------         ENDMOD        MAIN

  -------         MODULE        ?C?FPADD
  C:002DH         PUBLIC        ?C?FPADD
  C:0029H         PUBLIC        ?C?FPSUB
  -------         ENDMOD        ?C?FPADD

  -------         MODULE        ?C?FPMUL
  C:011EH         PUBLIC        ?C?FPMUL
  -------         ENDMOD        ?C?FPMUL

  -------         MODULE        ?C?FPDIV
  C:0227H         PUBLIC        ?C?FPDIV
  -------         ENDMOD        ?C?FPDIV

  -------         MODULE        ?C?FCAST
  C:02CEH         PUBLIC        ?C?FCASTC
  C:02C9H         PUBLIC        ?C?FCASTI
  C:02C4H         PUBLIC        ?C?FCASTL
  -------         ENDMOD        ?C?FCAST

  -------         MODULE        ?C?CASTF
  C:0302H         PUBLIC        ?C?CASTF
  -------         ENDMOD        ?C?CASTF

  -------         MODULE        ?C?CSTPTR
  C:0383H         PUBLIC        ?C?CSTPTR
  -------         ENDMOD        ?C?CSTPTR

  -------         MODULE        ?C?IILDX
  C:0395H         PUBLIC        ?C?IILDX
  -------         ENDMOD        ?C?IILDX

  -------         MODULE        ?C?LNEG
  C:03ABH         PUBLIC        ?C?LNEG
  -------         ENDMOD        ?C?LNEG

  -------         MODULE        ?C?LSTXDATA
  C:03B9H         PUBLIC        ?C?LSTXDATA
BL51 BANKED LINKER/LOCATER V6.22                                                      11/14/2015  22:44:53  PAGE 11


  -------         ENDMOD        ?C?LSTXDATA

  -------         MODULE        STRCAT
  X:006BH         PUBLIC        ?_strcat?BYTE
  C:0953H         PUBLIC        _strcat
  -------         ENDMOD        STRCAT

  -------         MODULE        STRLEN
  C:0B35H         PUBLIC        _STRLEN
  -------         ENDMOD        STRLEN

  -------         MODULE        ?C?CLDPTR
  C:03C5H         PUBLIC        ?C?CLDPTR
  -------         ENDMOD        ?C?CLDPTR

  -------         MODULE        ?C?ILDIX
  C:03DEH         PUBLIC        ?C?ILDIX
  -------         ENDMOD        ?C?ILDIX

*** WARNING L16: UNCALLED SEGMENT, IGNORED FOR OVERLAY PROCESS
    SEGMENT: ?PR?UART0_INIT?MAIN

*** WARNING L16: UNCALLED SEGMENT, IGNORED FOR OVERLAY PROCESS
    SEGMENT: ?PR?WIRELESSMODULE_INIT?MAIN

*** WARNING L16: UNCALLED SEGMENT, IGNORED FOR OVERLAY PROCESS
    SEGMENT: ?PR?_UART0_SENDBYTE?MAIN

Program Size: data=13.2 xdata=122 code=2875
LINK/LOCATE RUN COMPLETE.  3 WARNING(S),  0 ERROR(S)
