BL51 BANKED LINKER/LOCATER V6.22                                                        11/15/2015  16:25:53  PAGE 1


BL51 BANKED LINKER/LOCATER V6.22, INVOKED BY:
D:\KEIL_V5\C51\BIN\BL51.EXE STARTUP.obj, main.obj TO test3 RAMSIZE (256)


MEMORY MODEL: LARGE WITH FLOATING POINT ARITHMETIC


INPUT MODULES INCLUDED:
  STARTUP.obj (?C_STARTUP)
  main.obj (MAIN)
  D:\KEIL_V5\C51\LIB\C51FPL.LIB (?C?FPADD)
  D:\KEIL_V5\C51\LIB\C51FPL.LIB (?C?FPMUL)
  D:\KEIL_V5\C51\LIB\C51FPL.LIB (?C?FCAST)
  D:\KEIL_V5\C51\LIB\C51FPL.LIB (?C?CASTF)
  D:\KEIL_V5\C51\LIB\C51FPL.LIB (?C?FPGETOPN)
  D:\KEIL_V5\C51\LIB\C51L.LIB (?C_INIT)
  D:\KEIL_V5\C51\LIB\C51L.LIB (?C?CSTPTR)
  D:\KEIL_V5\C51\LIB\C51L.LIB (?C?IILDX)
  D:\KEIL_V5\C51\LIB\C51L.LIB (?C?LNEG)
  D:\KEIL_V5\C51\LIB\C51L.LIB (STRCAT)
  D:\KEIL_V5\C51\LIB\C51L.LIB (STRLEN)
  D:\KEIL_V5\C51\LIB\C51L.LIB (?C?CLDPTR)
  D:\KEIL_V5\C51\LIB\C51L.LIB (?C?ILDIX)


LINK MAP OF MODULE:  test3 (?C_STARTUP)


            TYPE    BASE      LENGTH    RELOCATION   SEGMENT NAME
            -----------------------------------------------------

            * * * * * * *   D A T A   M E M O R Y   * * * * * * *
            REG     0000H     0008H     ABSOLUTE     "REG BANK 0"
            DATA    0008H     0003H     UNIT         _DATA_GROUP_
            DATA    000BH     0001H     UNIT         ?DT?_UART0_SENDBYTE?MAIN
                    000CH     0014H                  *** GAP ***
            BIT     0020H.0   0000H.2   UNIT         ?BI?MAIN
                    0020H.2   0000H.6                *** GAP ***
            IDATA   0021H     0001H     UNIT         ?STACK

            * * * * * * *  X D A T A   M E M O R Y  * * * * * * *
            XDATA   0000H     006FH     UNIT         ?XD?MAIN
            XDATA   006FH     0009H     UNIT         ?XD?_STRCAT?STRCAT
            XDATA   0078H     0006H     UNIT         _XDATA_GROUP_

            * * * * * * *   C O D E   M E M O R Y   * * * * * * *
            CODE    0000H     0003H     ABSOLUTE     
                    0003H     0008H                  *** GAP ***
            CODE    000BH     0003H     ABSOLUTE     
            CODE    000EH     000BH     UNIT         ?CO?MAIN
                    0019H     0002H                  *** GAP ***
            CODE    001BH     0003H     ABSOLUTE     
                    001EH     0005H                  *** GAP ***
            CODE    0023H     0003H     ABSOLUTE     
            CODE    0026H     0322H     UNIT         ?C?LIB_CODE
            CODE    0348H     0196H     UNIT         ?PR?MAIN?MAIN
            CODE    04DEH     00C4H     UNIT         ?PR?UART0_INTERRUPT?MAIN
            CODE    05A2H     0098H     UNIT         ?PR?_TIMER0_INIT?MAIN
BL51 BANKED LINKER/LOCATER V6.22                                                      11/15/2015  16:25:53  PAGE 2


            CODE    063AH     0098H     UNIT         ?PR?_TIMER1_INIT?MAIN
            CODE    06D2H     008CH     UNIT         ?C_C51STARTUP
            CODE    075EH     008CH     UNIT         ?PR?RERANGETHEBUFFERQUEUE?MAIN
            CODE    07EAH     007CH     UNIT         ?PR?TIMER0_ISR?MAIN
            CODE    0866H     0078H     UNIT         ?PR?TIMER1_ISR?MAIN
            CODE    08DEH     0075H     UNIT         ?C_INITSEG
            CODE    0953H     006BH     UNIT         ?PR?_STRCAT?STRCAT
            CODE    09BEH     0062H     UNIT         ?PR?OSCILLATOR_INIT?MAIN
            CODE    0A20H     002CH     UNIT         ?PR?WIRELESSMODULE_INIT?MAIN
            CODE    0A4CH     0028H     UNIT         ?PR?UART0_INIT?MAIN
            CODE    0A74H     0021H     UNIT         ?PR?_UART0_SENDBYTE?MAIN
            CODE    0A95H     0020H     UNIT         ?PR?PORT_INIT?MAIN
            CODE    0AB5H     0015H     UNIT         ?PR?_STRLEN?STRLEN



OVERLAY MAP OF MODULE:   test3 (?C_STARTUP)


SEGMENT                                  DATA_GROUP          XDATA_GROUP
  +--> CALLED SEGMENT                  START    LENGTH     START    LENGTH
--------------------------------------------------------------------------
?C_C51STARTUP                          -----    -----      -----    -----
  +--> ?PR?MAIN?MAIN
  +--> ?C_INITSEG

?PR?MAIN?MAIN                          -----    -----      0078H    0002H
  +--> ?PR?OSCILLATOR_INIT?MAIN
  +--> ?PR?PORT_INIT?MAIN
  +--> ?PR?_TIMER0_INIT?MAIN
  +--> ?PR?_TIMER1_INIT?MAIN

?PR?_TIMER0_INIT?MAIN                  0008H    0001H      007AH    0002H

?PR?_TIMER1_INIT?MAIN                  0008H    0001H      007AH    0002H

*** NEW ROOT ***************************************************

?PR?UART0_INTERRUPT?MAIN               -----    -----      -----    -----
  +--> ?PR?RERANGETHEBUFFERQUEUE?MAIN

?PR?RERANGETHEBUFFERQUEUE?MAIN         -----    -----      007CH    0002H

*** NEW ROOT ***************************************************

?PR?TIMER0_ISR?MAIN                    0009H    0001H      -----    -----

*** NEW ROOT ***************************************************

?PR?TIMER1_ISR?MAIN                    000AH    0001H      -----    -----



SYMBOL TABLE OF MODULE:  test3 (?C_STARTUP)

  VALUE           TYPE          NAME
  ----------------------------------
BL51 BANKED LINKER/LOCATER V6.22                                                      11/15/2015  16:25:53  PAGE 3



  -------         MODULE        ?C_STARTUP
  C:06D2H         SEGMENT       ?C_C51STARTUP
  I:0021H         SEGMENT       ?STACK
  C:0000H         PUBLIC        ?C_STARTUP
  D:00E0H         SYMBOL        ACC
  D:00F0H         SYMBOL        B
  D:0083H         SYMBOL        DPH
  D:0082H         SYMBOL        DPL
  N:0000H         SYMBOL        IBPSTACK
  N:0100H         SYMBOL        IBPSTACKTOP
  N:0080H         SYMBOL        IDATALEN
  C:06D5H         SYMBOL        IDATALOOP
  N:0000H         SYMBOL        PBPSTACK
  N:0100H         SYMBOL        PBPSTACKTOP
  N:0000H         SYMBOL        PDATALEN
  N:0000H         SYMBOL        PDATASTART
  N:0000H         SYMBOL        PPAGE
  N:0000H         SYMBOL        PPAGEENABLE
  D:00A0H         SYMBOL        PPAGE_SFR
  D:0081H         SYMBOL        SP
  C:06D2H         SYMBOL        STARTUP1
  N:0000H         SYMBOL        XBPSTACK
  N:0000H         SYMBOL        XBPSTACKTOP
  N:0000H         SYMBOL        XDATALEN
  N:0000H         SYMBOL        XDATASTART
  C:0000H         LINE#         126
  C:06D2H         LINE#         133
  C:06D4H         LINE#         134
  C:06D5H         LINE#         135
  C:06D6H         LINE#         136
  C:06D8H         LINE#         185
  C:06DBH         LINE#         196
  -------         ENDMOD        ?C_STARTUP

  -------         MODULE        MAIN
  C:0000H         SYMBOL        _ICE_DUMMY_
  D:008FH         PUBLIC        PLL0FLT
  D:00FFH         PUBLIC        WDTCN
  D:00B0H         PUBLIC        P3
  C:07EAH         PUBLIC        Timer0_ISR
  B:0020H.0       PUBLIC        pwm1_flag
  D:00C8H         PUBLIC        P4
  C:0866H         PUBLIC        Timer1_ISR
  X:0000H         PUBLIC        TX_Ready
  B:0020H.1       PUBLIC        pwm3_flag
  B:00A8H.7       PUBLIC        EA
  D:008EH         PUBLIC        PLL0MUL
  D:0084H         PUBLIC        SFRPAGE
  D:00A4H         PUBLIC        P0MDOUT
  D:00A5H         PUBLIC        P1MDOUT
  D:00A7H         PUBLIC        P3MDOUT
  D:009CH         PUBLIC        P4MDOUT
  D:009DH         PUBLIC        P5MDOUT
  X:0001H         PUBLIC        PWM1_HighLevelCount
  X:0003H         PUBLIC        PWM3_HighLevelCount
  X:0005H         SYMBOL        Byte
BL51 BANKED LINKER/LOCATER V6.22                                                      11/15/2015  16:25:53  PAGE 4


  D:00B8H         PUBLIC        IP
  D:00E1H         PUBLIC        XBR0
  D:00E2H         PUBLIC        XBR1
  D:00E3H         PUBLIC        XBR2
  C:04DEH         PUBLIC        UART0_Interrupt
  B:00C8H.4       PUBLIC        PWM1
  D:00CCH         PUBLIC        TMR2
  C:0348H         PUBLIC        main
  B:00B0H.4       PUBLIC        PWM3
  X:0006H         PUBLIC        TH0_low_pre
  C:05A2H         PUBLIC        _TIMER0_Init
  X:0008H         PUBLIC        TH1_low_pre
  C:063AH         PUBLIC        _TIMER1_Init
  D:0089H         PUBLIC        PLL0CN
  X:000AH         PUBLIC        TL0_low_pre
  X:000CH         PUBLIC        TL1_low_pre
  D:00C9H         PUBLIC        TMR2CF
  C:0A20H         PUBLIC        WirelessModule_Init
  D:0089H         PUBLIC        TMOD
  D:0088H         PUBLIC        TCON
  D:00C8H         PUBLIC        TMR2CN
  C:0A95H         PUBLIC        PORT_Init
  D:0097H         PUBLIC        CLKSEL
  D:008AH         PUBLIC        OSCICN
  X:000EH         PUBLIC        PWM1_LowLevelCount
  X:0010H         PUBLIC        PWM3_LowLevelCount
  B:00A8H.4       PUBLIC        ES0
  B:00A8H.1       PUBLIC        ET0
  B:00A8H.3       PUBLIC        ET1
  B:0088H.5       PUBLIC        TF0
  B:0098H.0       PUBLIC        RI0
  B:0088H.7       PUBLIC        TF1
  X:0012H         PUBLIC        TxOrder
  D:008CH         PUBLIC        TH0
  B:0098H.1       PUBLIC        TI0
  D:008DH         PUBLIC        TH1
  D:008CH         PUBLIC        OSCXCN
  D:008AH         PUBLIC        TL0
  D:008BH         PUBLIC        TL1
  C:0A74H         PUBLIC        _Uart0_SendByte
  C:075EH         PUBLIC        RerangeTheBufferQueue
  B:0088H.4       PUBLIC        TR0
  B:0088H.6       PUBLIC        TR1
  B:00C8H.2       PUBLIC        TR2
  X:0013H         PUBLIC        UART_Buffer_QueueHead
  D:00CAH         PUBLIC        RCAP2
  X:0016H         PUBLIC        PWM1_HighLevelPercent
  X:001AH         PUBLIC        PWM3_HighLevelPercent
  X:001EH         PUBLIC        PWM_Degree_uc
  X:001FH         PUBLIC        UART_Buffer_QueueBottom
  D:0099H         PUBLIC        SBUF0
  X:0022H         PUBLIC        Timer0_itrp_count
  X:0024H         PUBLIC        TxByte
  X:0025H         PUBLIC        Timer1_itrp_count
  X:0027H         PUBLIC        UART_Buffer_Queue
  C:0A4CH         PUBLIC        UART0_Init
  D:0098H         PUBLIC        SCON0
BL51 BANKED LINKER/LOCATER V6.22                                                      11/15/2015  16:25:53  PAGE 5


  D:0091H         PUBLIC        SSTA0
  D:008EH         PUBLIC        CKCON
  D:00B7H         PUBLIC        FLSCL
  C:09BEH         PUBLIC        OSCILLATOR_Init
  X:0067H         PUBLIC        TH0_high_pre
  X:0069H         PUBLIC        TH1_high_pre
  X:006BH         PUBLIC        TL0_high_pre
  X:006DH         PUBLIC        TL1_high_pre
  D:008DH         PUBLIC        PLL0DIV
  -------         PROC          MAIN
  -------         DO            
  X:0078H         SYMBOL        count
  -------         ENDDO         
  C:0348H         LINE#         120
  C:0348H         LINE#         121
  C:0348H         LINE#         122
  C:034FH         LINE#         123
  C:0352H         LINE#         125
  C:0355H         LINE#         126
  C:0358H         LINE#         128
  C:035BH         LINE#         129
  C:035EH         LINE#         130
  C:0365H         LINE#         131
  C:036CH         LINE#         135
  C:036EH         LINE#         137
  C:0378H         LINE#         138
  C:03BAH         LINE#         139
  C:03E2H         LINE#         140
  C:0424H         LINE#         141
  C:044CH         LINE#         142
  C:0467H         LINE#         143
  C:047EH         LINE#         144
  C:0496H         LINE#         145
  C:04ADH         LINE#         146
  C:04B5H         LINE#         147
  C:04BCH         LINE#         148
  C:04D5H         LINE#         149
  C:04DCH         LINE#         154
  C:04DCH         LINE#         155
  C:04DCH         LINE#         157
  -------         ENDPROC       MAIN
  -------         PROC          OSCILLATOR_INIT
  -------         DO            
  D:0004H         SYMBOL        i
  D:0007H         SYMBOL        SFRPAGE_SAVE
  -------         ENDDO         
  C:09BEH         LINE#         175
  C:09BEH         LINE#         176
  C:09BEH         LINE#         179
  C:09C0H         LINE#         181
  C:09C3H         LINE#         183
  C:09C6H         LINE#         186
  C:09C9H         LINE#         191
  C:09CCH         LINE#         192
  C:09DBH         LINE#         194
  C:09E0H         LINE#         196
  C:09E3H         LINE#         197
BL51 BANKED LINKER/LOCATER V6.22                                                      11/15/2015  16:25:53  PAGE 6


  C:09E6H         LINE#         200
  C:09E6H         LINE#         202
  C:09E6H         LINE#         203
  C:09E6H         LINE#         205
  C:09E9H         LINE#         206
  C:09E9H         LINE#         208
  C:09E9H         LINE#         209
  C:09E9H         LINE#         210
  C:09E9H         LINE#         211
  C:09E9H         LINE#         214
  C:09ECH         LINE#         215
  C:09EFH         LINE#         216
  C:09F2H         LINE#         217
  C:09F5H         LINE#         218
  C:09F8H         LINE#         219
  C:09FBH         LINE#         220
  C:09FEH         LINE#         221
  C:0A01H         LINE#         223
  C:0A04H         LINE#         226
  C:0A14H         LINE#         228
  C:0A17H         LINE#         230
  C:0A17H         LINE#         232
  C:0A1AH         LINE#         234
  C:0A1DH         LINE#         236
  C:0A1FH         LINE#         237
  -------         ENDPROC       OSCILLATOR_INIT
  -------         PROC          PORT_INIT
  -------         DO            
  D:0007H         SYMBOL        SFRPAGE_SAVE
  -------         ENDDO         
  C:0A95H         LINE#         252
  C:0A95H         LINE#         253
  C:0A95H         LINE#         254
  C:0A97H         LINE#         256
  C:0A9AH         LINE#         258
  C:0A9DH         LINE#         259
  C:0AA0H         LINE#         260
  C:0AA3H         LINE#         263
  C:0AA6H         LINE#         264
  C:0AA9H         LINE#         265
  C:0AACH         LINE#         266
  C:0AAFH         LINE#         267
  C:0AB2H         LINE#         268
  C:0AB4H         LINE#         269
  -------         ENDPROC       PORT_INIT
  -------         PROC          UART0_INIT
  -------         DO            
  D:0007H         SYMBOL        SFRPAGE_SAVE
  -------         ENDDO         
  C:0A4CH         LINE#         283
  C:0A4CH         LINE#         284
  C:0A4CH         LINE#         287
  C:0A4EH         LINE#         289
  C:0A51H         LINE#         291
  C:0A53H         LINE#         293
  C:0A56H         LINE#         295
  C:0A5CH         LINE#         296
BL51 BANKED LINKER/LOCATER V6.22                                                      11/15/2015  16:25:53  PAGE 7


  C:0A62H         LINE#         297
  C:0A64H         LINE#         299
  C:0A66H         LINE#         301
  C:0A69H         LINE#         304
  C:0A6CH         LINE#         309
  C:0A6EH         LINE#         310
  C:0A71H         LINE#         312
  C:0A73H         LINE#         313
  -------         ENDPROC       UART0_INIT
  -------         PROC          UART0_INTERRUPT
  C:04DEH         LINE#         329
  C:04FBH         LINE#         331
  C:04FEH         LINE#         333
  C:051CH         LINE#         334
  C:051CH         LINE#         335
  C:051EH         LINE#         336
  C:0524H         LINE#         338
  C:0537H         LINE#         339
  C:0537H         LINE#         340
  C:0549H         LINE#         341
  C:0553H         LINE#         342
  C:0566H         LINE#         343
  C:0566H         LINE#         344
  C:0568H         LINE#         346
  C:056BH         LINE#         347
  C:056BH         LINE#         349
  C:056EH         LINE#         350
  C:056EH         LINE#         351
  C:0570H         LINE#         352
  C:0577H         LINE#         353
  C:0577H         LINE#         354
  C:0579H         LINE#         355
  C:057FH         LINE#         356
  C:0581H         LINE#         358
  C:0581H         LINE#         359
  C:0587H         LINE#         360
  C:0587H         LINE#         361
  C:0587H         LINE#         362
  -------         ENDPROC       UART0_INTERRUPT
  -------         PROC          RERANGETHEBUFFERQUEUE
  -------         DO            
  X:007CH         SYMBOL        count
  D:0006H         SYMBOL        i
  -------         ENDDO         
  C:075EH         LINE#         370
  C:075EH         LINE#         371
  C:075EH         LINE#         372
  C:077DH         LINE#         373
  C:0780H         LINE#         374
  C:0793H         LINE#         375
  C:0793H         LINE#         376
  C:07A6H         LINE#         377
  C:07B0H         LINE#         379
  C:07B7H         LINE#         380
  C:07C5H         LINE#         381
  C:07E9H         LINE#         382
  -------         ENDPROC       RERANGETHEBUFFERQUEUE
BL51 BANKED LINKER/LOCATER V6.22                                                      11/15/2015  16:25:53  PAGE 8


  -------         PROC          WIRELESSMODULE_INIT
  C:0A20H         LINE#         388
  C:0A20H         LINE#         389
  C:0A20H         LINE#         390
  C:0A23H         LINE#         391
  C:0A3AH         LINE#         392
  -------         ENDPROC       WIRELESSMODULE_INIT
  -------         PROC          _UART0_SENDBYTE
  D:0007H         SYMBOL        value
  -------         DO            
  D:000BH         SYMBOL        SFRPAGE_SAVE
  -------         ENDDO         
  C:0A74H         LINE#         399
  C:0A74H         LINE#         400
  C:0A74H         LINE#         401
  C:0A77H         LINE#         402
  C:0A7AH         LINE#         404
  C:0A80H         LINE#         405
  C:0A85H         LINE#         406
  C:0A8AH         LINE#         407
  C:0A8FH         LINE#         408
  C:0A91H         LINE#         411
  C:0A94H         LINE#         412
  -------         ENDPROC       _UART0_SENDBYTE
  -------         PROC          _TIMER0_INIT
  X:007AH         SYMBOL        count
  -------         DO            
  D:0008H         SYMBOL        SFRPAGE_SAVE
  -------         ENDDO         
  C:05A2H         LINE#         413
  C:05AAH         LINE#         414
  C:05AAH         LINE#         416
  C:05ADH         LINE#         417
  C:05EFH         LINE#         418
  C:0617H         LINE#         419
  C:061AH         LINE#         420
  C:061DH         LINE#         421
  C:061DH         LINE#         422
  C:0620H         LINE#         423
  C:0623H         LINE#         424
  C:0626H         LINE#         425
  C:0628H         LINE#         426
  C:0630H         LINE#         427
  C:0632H         LINE#         428
  C:0634H         LINE#         429
  C:0636H         LINE#         430
  C:0639H         LINE#         431
  -------         ENDPROC       _TIMER0_INIT
  -------         PROC          _TIMER1_INIT
  X:007AH         SYMBOL        count
  -------         DO            
  D:0008H         SYMBOL        SFRPAGE_SAVE
  -------         ENDDO         
  C:063AH         LINE#         432
  C:0642H         LINE#         433
  C:0642H         LINE#         434
  C:0645H         LINE#         435
BL51 BANKED LINKER/LOCATER V6.22                                                      11/15/2015  16:25:53  PAGE 9


  C:0687H         LINE#         436
  C:06AFH         LINE#         437
  C:06B2H         LINE#         438
  C:06B5H         LINE#         440
  C:06B8H         LINE#         441
  C:06BBH         LINE#         442
  C:06BEH         LINE#         443
  C:06C0H         LINE#         444
  C:06C8H         LINE#         445
  C:06CAH         LINE#         446
  C:06CCH         LINE#         447
  C:06CEH         LINE#         448
  C:06D1H         LINE#         449
  -------         ENDPROC       _TIMER1_INIT
  -------         PROC          TIMER0_ISR
  -------         DO            
  D:0009H         SYMBOL        SFRPAGE_SAVE
  -------         ENDDO         
  C:07EAH         LINE#         450
  C:07F2H         LINE#         452
  C:07F5H         LINE#         453
  C:07F8H         LINE#         454
  C:0806H         LINE#         455
  C:0809H         LINE#         456
  C:0809H         LINE#         458
  C:0818H         LINE#         459
  C:0818H         LINE#         460
  C:081CH         LINE#         461
  C:081EH         LINE#         462
  C:0821H         LINE#         463
  C:0823H         LINE#         464
  C:0825H         LINE#         465
  C:0825H         LINE#         468
  C:082CH         LINE#         469
  C:082FH         LINE#         470
  C:0831H         LINE#         472
  C:0831H         LINE#         474
  C:0831H         LINE#         475
  C:0840H         LINE#         476
  C:0840H         LINE#         477
  C:0844H         LINE#         478
  C:0846H         LINE#         479
  C:0849H         LINE#         480
  C:084BH         LINE#         481
  C:084DH         LINE#         482
  C:084DH         LINE#         486
  C:0854H         LINE#         487
  C:085BH         LINE#         488
  C:085DH         LINE#         490
  -------         ENDPROC       TIMER0_ISR
  -------         PROC          TIMER1_ISR
  -------         DO            
  D:000AH         SYMBOL        SFRPAGE_SAVE
  -------         ENDDO         
  C:0866H         LINE#         494
  C:086EH         LINE#         496
  C:0871H         LINE#         497
BL51 BANKED LINKER/LOCATER V6.22                                                      11/15/2015  16:25:53  PAGE 10


  C:0874H         LINE#         498
  C:0882H         LINE#         499
  C:0885H         LINE#         500
  C:0885H         LINE#         505
  C:088CH         LINE#         506
  C:0893H         LINE#         507
  C:0895H         LINE#         508
  C:08A4H         LINE#         509
  C:08A4H         LINE#         510
  C:08A8H         LINE#         511
  C:08AAH         LINE#         512
  C:08ACH         LINE#         513
  C:08AEH         LINE#         515
  C:08AEH         LINE#         517
  C:08AEH         LINE#         521
  C:08B5H         LINE#         522
  C:08BCH         LINE#         523
  C:08BEH         LINE#         524
  C:08CDH         LINE#         525
  C:08CDH         LINE#         526
  C:08D1H         LINE#         527
  C:08D3H         LINE#         528
  C:08D5H         LINE#         529
  C:08D5H         LINE#         531
  -------         ENDPROC       TIMER1_ISR
  -------         ENDMOD        MAIN

  -------         MODULE        ?C?FPADD
  C:002DH         PUBLIC        ?C?FPADD
  C:0029H         PUBLIC        ?C?FPSUB
  -------         ENDMOD        ?C?FPADD

  -------         MODULE        ?C?FPMUL
  C:011EH         PUBLIC        ?C?FPMUL
  -------         ENDMOD        ?C?FPMUL

  -------         MODULE        ?C?FCAST
  C:022EH         PUBLIC        ?C?FCASTC
  C:0229H         PUBLIC        ?C?FCASTI
  C:0224H         PUBLIC        ?C?FCASTL
  -------         ENDMOD        ?C?FCAST

  -------         MODULE        ?C?CASTF
  C:0262H         PUBLIC        ?C?CASTF
  -------         ENDMOD        ?C?CASTF

  -------         MODULE        ?C?CSTPTR
  C:02E3H         PUBLIC        ?C?CSTPTR
  -------         ENDMOD        ?C?CSTPTR

  -------         MODULE        ?C?IILDX
  C:02F5H         PUBLIC        ?C?IILDX
  -------         ENDMOD        ?C?IILDX

  -------         MODULE        ?C?LNEG
  C:030BH         PUBLIC        ?C?LNEG
  -------         ENDMOD        ?C?LNEG
BL51 BANKED LINKER/LOCATER V6.22                                                      11/15/2015  16:25:53  PAGE 11



  -------         MODULE        STRCAT
  X:006FH         PUBLIC        ?_strcat?BYTE
  C:0953H         PUBLIC        _strcat
  -------         ENDMOD        STRCAT

  -------         MODULE        STRLEN
  C:0AB5H         PUBLIC        _STRLEN
  -------         ENDMOD        STRLEN

  -------         MODULE        ?C?CLDPTR
  C:0319H         PUBLIC        ?C?CLDPTR
  -------         ENDMOD        ?C?CLDPTR

  -------         MODULE        ?C?ILDIX
  C:0332H         PUBLIC        ?C?ILDIX
  -------         ENDMOD        ?C?ILDIX

*** WARNING L16: UNCALLED SEGMENT, IGNORED FOR OVERLAY PROCESS
    SEGMENT: ?PR?UART0_INIT?MAIN

*** WARNING L16: UNCALLED SEGMENT, IGNORED FOR OVERLAY PROCESS
    SEGMENT: ?PR?WIRELESSMODULE_INIT?MAIN

*** WARNING L16: UNCALLED SEGMENT, IGNORED FOR OVERLAY PROCESS
    SEGMENT: ?PR?_UART0_SENDBYTE?MAIN

Program Size: data=13.2 xdata=126 code=2747
LINK/LOCATE RUN COMPLETE.  3 WARNING(S),  0 ERROR(S)
