BL51 BANKED LINKER/LOCATER V6.22                                                        07/25/2015  11:17:47  PAGE 1


BL51 BANKED LINKER/LOCATER V6.22, INVOKED BY:
D:\KEIL_V5\C51\BIN\BL51.EXE STARTUP.obj, main.obj TO test3 RAMSIZE (256)


MEMORY MODEL: SMALL WITH FLOATING POINT ARITHMETIC


INPUT MODULES INCLUDED:
  STARTUP.obj (?C_STARTUP)
  main.obj (MAIN)
  D:\KEIL_V5\C51\LIB\C51FPS.LIB (?C?FPMUL)
  D:\KEIL_V5\C51\LIB\C51FPS.LIB (?C?FCAST)
  D:\KEIL_V5\C51\LIB\C51FPS.LIB (?C?CASTF)
  D:\KEIL_V5\C51\LIB\C51FPS.LIB (?C?FPGETOPN)
  D:\KEIL_V5\C51\LIB\C51S.LIB (?C_INIT)
  D:\KEIL_V5\C51\LIB\C51S.LIB (?C?CLDPTR)
  D:\KEIL_V5\C51\LIB\C51S.LIB (?C?CSTPTR)
  D:\KEIL_V5\C51\LIB\C51S.LIB (?C?LNEG)
  D:\KEIL_V5\C51\LIB\C51S.LIB (STRCAT)
  D:\KEIL_V5\C51\LIB\C51S.LIB (STRLEN)


LINK MAP OF MODULE:  test3 (?C_STARTUP)


            TYPE    BASE      LENGTH    RELOCATION   SEGMENT NAME
            -----------------------------------------------------

            * * * * * * *   D A T A   M E M O R Y   * * * * * * *
            REG     0000H     0008H     ABSOLUTE     "REG BANK 0"
            DATA    0008H     0009H     UNIT         _DATA_GROUP_
                    0011H     000FH                  *** GAP ***
            BIT     0020H.0   0000H.2   UNIT         ?BI?MAIN
                    0020H.2   0000H.6                *** GAP ***
            DATA    0021H     0050H     UNIT         ?DT?MAIN
            IDATA   0071H     0001H     UNIT         ?STACK

            * * * * * * *   C O D E   M E M O R Y   * * * * * * *
            CODE    0000H     0003H     ABSOLUTE     
                    0003H     0008H                  *** GAP ***
            CODE    000BH     0003H     ABSOLUTE     
            CODE    000EH     000BH     UNIT         ?CO?MAIN
                    0019H     0002H                  *** GAP ***
            CODE    001BH     0003H     ABSOLUTE     
                    001EH     0005H                  *** GAP ***
            CODE    0023H     0003H     ABSOLUTE     
            CODE    0026H     01FEH     UNIT         ?C?LIB_CODE
            CODE    0224H     0098H     UNIT         ?PR?UART0_INTERRUPT?MAIN
            CODE    02BCH     008CH     UNIT         ?C_C51STARTUP
            CODE    0348H     0062H     UNIT         ?PR?OSCILLATOR_INIT?MAIN
            CODE    03AAH     0059H     UNIT         ?PR?_TIMER1_INIT?MAIN
            CODE    0403H     0058H     UNIT         ?PR?_STRCAT?STRCAT
            CODE    045BH     0056H     UNIT         ?PR?_TIMER0_INIT?MAIN
            CODE    04B1H     0053H     UNIT         ?PR?MAIN?MAIN
            CODE    0504H     004BH     UNIT         ?PR?RERANGETHEBUFFERQUEUE?MAIN
            CODE    054FH     003AH     UNIT         ?PR?TIMER0_ISR?MAIN
            CODE    0589H     003AH     UNIT         ?PR?TIMER1_ISR?MAIN
            CODE    05C3H     0029H     UNIT         ?PR?WIRELESSMODULE_INIT?MAIN
BL51 BANKED LINKER/LOCATER V6.22                                                      07/25/2015  11:17:47  PAGE 2


            CODE    05ECH     0028H     UNIT         ?PR?UART0_INIT?MAIN
            CODE    0614H     0022H     UNIT         ?C_INITSEG
            CODE    0636H     001AH     UNIT         ?PR?PORT_INIT?MAIN
            CODE    0650H     0015H     UNIT         ?PR?_STRLEN?STRLEN
            CODE    0665H     0011H     UNIT         ?PR?_UART0_SENDBYTE?MAIN



OVERLAY MAP OF MODULE:   test3 (?C_STARTUP)


SEGMENT                                  DATA_GROUP 
  +--> CALLED SEGMENT                  START    LENGTH
------------------------------------------------------
?C_C51STARTUP                          -----    -----
  +--> ?PR?MAIN?MAIN
  +--> ?C_INITSEG

?PR?MAIN?MAIN                          -----    -----
  +--> ?PR?OSCILLATOR_INIT?MAIN
  +--> ?PR?PORT_INIT?MAIN
  +--> ?PR?_TIMER0_INIT?MAIN
  +--> ?PR?_TIMER1_INIT?MAIN
  +--> ?PR?UART0_INIT?MAIN
  +--> ?PR?WIRELESSMODULE_INIT?MAIN
  +--> ?PR?_UART0_SENDBYTE?MAIN

?PR?_TIMER0_INIT?MAIN                  0008H    0003H

?PR?_TIMER1_INIT?MAIN                  0008H    0003H

?PR?WIRELESSMODULE_INIT?MAIN           -----    -----
  +--> ?CO?MAIN
  +--> ?PR?_STRCAT?STRCAT
  +--> ?PR?_STRLEN?STRLEN

?PR?_STRCAT?STRCAT                     0008H    0009H

*** NEW ROOT ***************************************************

?PR?UART0_INTERRUPT?MAIN               -----    -----
  +--> ?PR?RERANGETHEBUFFERQUEUE?MAIN



SYMBOL TABLE OF MODULE:  test3 (?C_STARTUP)

  VALUE           TYPE          NAME
  ----------------------------------

  -------         MODULE        ?C_STARTUP
  C:02BCH         SEGMENT       ?C_C51STARTUP
  I:0071H         SEGMENT       ?STACK
  C:0000H         PUBLIC        ?C_STARTUP
  D:00E0H         SYMBOL        ACC
  D:00F0H         SYMBOL        B
  D:0083H         SYMBOL        DPH
BL51 BANKED LINKER/LOCATER V6.22                                                      07/25/2015  11:17:47  PAGE 3


  D:0082H         SYMBOL        DPL
  N:0000H         SYMBOL        IBPSTACK
  N:0100H         SYMBOL        IBPSTACKTOP
  N:0080H         SYMBOL        IDATALEN
  C:02BFH         SYMBOL        IDATALOOP
  N:0000H         SYMBOL        PBPSTACK
  N:0100H         SYMBOL        PBPSTACKTOP
  N:0000H         SYMBOL        PDATALEN
  N:0000H         SYMBOL        PDATASTART
  N:0000H         SYMBOL        PPAGE
  N:0000H         SYMBOL        PPAGEENABLE
  D:00A0H         SYMBOL        PPAGE_SFR
  D:0081H         SYMBOL        SP
  C:02BCH         SYMBOL        STARTUP1
  N:0000H         SYMBOL        XBPSTACK
  N:0000H         SYMBOL        XBPSTACKTOP
  N:0000H         SYMBOL        XDATALEN
  N:0000H         SYMBOL        XDATASTART
  C:0000H         LINE#         126
  C:02BCH         LINE#         133
  C:02BEH         LINE#         134
  C:02BFH         LINE#         135
  C:02C0H         LINE#         136
  C:02C2H         LINE#         185
  C:02C5H         LINE#         196
  -------         ENDMOD        ?C_STARTUP

  -------         MODULE        MAIN
  C:0000H         SYMBOL        _ICE_DUMMY_
  D:008FH         PUBLIC        PLL0FLT
  D:00FFH         PUBLIC        WDTCN
  D:00B0H         PUBLIC        P3
  C:054FH         PUBLIC        Timer0_ISR
  B:0020H.0       PUBLIC        pwm1_flag
  C:0589H         PUBLIC        Timer1_ISR
  D:0021H         PUBLIC        TX_Ready
  B:0020H.1       PUBLIC        pwm3_flag
  B:00A8H.7       PUBLIC        EA
  D:008EH         PUBLIC        PLL0MUL
  D:0084H         PUBLIC        SFRPAGE
  D:00A4H         PUBLIC        P0MDOUT
  D:00A5H         PUBLIC        P1MDOUT
  D:00A7H         PUBLIC        P3MDOUT
  D:0022H         PUBLIC        PWM1_HighLevelCount
  D:0024H         PUBLIC        PWM3_HighLevelCount
  D:0026H         SYMBOL        Byte
  D:00B8H         PUBLIC        IP
  D:00E1H         PUBLIC        XBR0
  D:00E2H         PUBLIC        XBR1
  D:00E3H         PUBLIC        XBR2
  C:0224H         PUBLIC        UART0_Interrupt
  B:00B0H.2       PUBLIC        PWM1
  D:00CCH         PUBLIC        TMR2
  C:04B1H         PUBLIC        main
  B:00B0H.3       PUBLIC        PWM3
  C:045BH         PUBLIC        _TIMER0_Init
  C:03AAH         PUBLIC        _TIMER1_Init
BL51 BANKED LINKER/LOCATER V6.22                                                      07/25/2015  11:17:47  PAGE 4


  D:0089H         PUBLIC        PLL0CN
  D:00C9H         PUBLIC        TMR2CF
  C:05C3H         PUBLIC        WirelessModule_Init
  D:0089H         PUBLIC        TMOD
  D:0088H         PUBLIC        TCON
  D:00C8H         PUBLIC        TMR2CN
  C:0636H         PUBLIC        PORT_Init
  D:0097H         PUBLIC        CLKSEL
  D:008AH         PUBLIC        OSCICN
  D:0027H         PUBLIC        PWM1_LowLevelCount
  D:0029H         PUBLIC        PWM3_LowLevelCount
  B:00A8H.4       PUBLIC        ES0
  B:00A8H.1       PUBLIC        ET0
  B:00A8H.3       PUBLIC        ET1
  B:0088H.5       PUBLIC        TF0
  B:0098H.0       PUBLIC        RI0
  B:0088H.7       PUBLIC        TF1
  D:008CH         PUBLIC        TH0
  B:0098H.1       PUBLIC        TI0
  D:008DH         PUBLIC        TH1
  D:008CH         PUBLIC        OSCXCN
  D:008AH         PUBLIC        TL0
  D:008BH         PUBLIC        TL1
  C:0665H         PUBLIC        _Uart0_SendByte
  C:0504H         PUBLIC        RerangeTheBufferQueue
  B:0088H.4       PUBLIC        TR0
  B:0088H.6       PUBLIC        TR1
  B:00C8H.2       PUBLIC        TR2
  D:002BH         PUBLIC        UART_Buffer_QueueHead
  D:00CAH         PUBLIC        RCAP2
  D:002EH         PUBLIC        UART_Buffer_QueueBottom
  D:0099H         PUBLIC        SBUF0
  D:0031H         PUBLIC        UART_Buffer_Queue
  C:05ECH         PUBLIC        UART0_Init
  D:0098H         PUBLIC        SCON0
  D:0091H         PUBLIC        SSTA0
  D:008EH         PUBLIC        CKCON
  D:00B7H         PUBLIC        FLSCL
  C:0348H         PUBLIC        OSCILLATOR_Init
  D:008DH         PUBLIC        PLL0DIV
  -------         PROC          MAIN
  C:04B1H         LINE#         100
  C:04B1H         LINE#         101
  C:04B1H         LINE#         103
  C:04B4H         LINE#         105
  C:04B7H         LINE#         106
  C:04BAH         LINE#         108
  C:04BDH         LINE#         109
  C:04C0H         LINE#         110
  C:04C7H         LINE#         111
  C:04CEH         LINE#         113
  C:04D1H         LINE#         114
  C:04D4H         LINE#         115
  C:04D6H         LINE#         117
  C:04D9H         LINE#         119
  C:04D9H         LINE#         120
  C:04D9H         LINE#         121
BL51 BANKED LINKER/LOCATER V6.22                                                      07/25/2015  11:17:47  PAGE 5


  C:04EAH         LINE#         122
  C:04EAH         LINE#         123
  C:04F7H         LINE#         124
  C:0502H         LINE#         125
  C:0502H         LINE#         126
  -------         ENDPROC       MAIN
  -------         PROC          OSCILLATOR_INIT
  -------         DO            
  D:0004H         SYMBOL        i
  D:0007H         SYMBOL        SFRPAGE_SAVE
  -------         ENDDO         
  C:0348H         LINE#         144
  C:0348H         LINE#         145
  C:0348H         LINE#         148
  C:034AH         LINE#         150
  C:034DH         LINE#         152
  C:0350H         LINE#         155
  C:0353H         LINE#         160
  C:0356H         LINE#         161
  C:0365H         LINE#         163
  C:036AH         LINE#         165
  C:036DH         LINE#         166
  C:0370H         LINE#         169
  C:0370H         LINE#         171
  C:0370H         LINE#         172
  C:0370H         LINE#         174
  C:0373H         LINE#         175
  C:0373H         LINE#         177
  C:0373H         LINE#         178
  C:0373H         LINE#         179
  C:0373H         LINE#         180
  C:0373H         LINE#         183
  C:0376H         LINE#         184
  C:0379H         LINE#         185
  C:037CH         LINE#         186
  C:037FH         LINE#         187
  C:0382H         LINE#         188
  C:0385H         LINE#         189
  C:0388H         LINE#         190
  C:038BH         LINE#         192
  C:038EH         LINE#         195
  C:039EH         LINE#         197
  C:03A1H         LINE#         199
  C:03A1H         LINE#         201
  C:03A4H         LINE#         203
  C:03A7H         LINE#         205
  C:03A9H         LINE#         206
  -------         ENDPROC       OSCILLATOR_INIT
  -------         PROC          PORT_INIT
  -------         DO            
  D:0007H         SYMBOL        SFRPAGE_SAVE
  -------         ENDDO         
  C:0636H         LINE#         221
  C:0636H         LINE#         222
  C:0636H         LINE#         223
  C:0638H         LINE#         225
  C:063BH         LINE#         227
BL51 BANKED LINKER/LOCATER V6.22                                                      07/25/2015  11:17:47  PAGE 6


  C:063EH         LINE#         228
  C:0641H         LINE#         229
  C:0644H         LINE#         232
  C:0647H         LINE#         233
  C:064AH         LINE#         234
  C:064DH         LINE#         235
  C:064FH         LINE#         236
  -------         ENDPROC       PORT_INIT
  -------         PROC          UART0_INIT
  -------         DO            
  D:0007H         SYMBOL        SFRPAGE_SAVE
  -------         ENDDO         
  C:05ECH         LINE#         250
  C:05ECH         LINE#         251
  C:05ECH         LINE#         254
  C:05EEH         LINE#         256
  C:05F1H         LINE#         258
  C:05F3H         LINE#         260
  C:05F6H         LINE#         262
  C:05FCH         LINE#         263
  C:0602H         LINE#         264
  C:0604H         LINE#         266
  C:0606H         LINE#         268
  C:0609H         LINE#         271
  C:060CH         LINE#         276
  C:060EH         LINE#         277
  C:0611H         LINE#         279
  C:0613H         LINE#         280
  -------         ENDPROC       UART0_INIT
  -------         PROC          UART0_INTERRUPT
  C:0224H         LINE#         296
  C:0241H         LINE#         298
  C:0244H         LINE#         300
  C:025DH         LINE#         301
  C:025DH         LINE#         302
  C:025FH         LINE#         303
  C:0262H         LINE#         305
  C:0270H         LINE#         306
  C:0270H         LINE#         307
  C:027BH         LINE#         308
  C:0286H         LINE#         309
  C:0294H         LINE#         310
  C:0294H         LINE#         311
  C:0296H         LINE#         313
  C:0299H         LINE#         314
  C:0299H         LINE#         316
  C:029CH         LINE#         317
  C:029CH         LINE#         318
  C:029EH         LINE#         320
  C:02A1H         LINE#         322
  C:02A1H         LINE#         323
  -------         ENDPROC       UART0_INTERRUPT
  -------         PROC          RERANGETHEBUFFERQUEUE
  -------         DO            
  D:0006H         SYMBOL        count
  D:0004H         SYMBOL        i
  -------         ENDDO         
BL51 BANKED LINKER/LOCATER V6.22                                                      07/25/2015  11:17:47  PAGE 7


  C:0504H         LINE#         331
  C:0504H         LINE#         332
  C:0504H         LINE#         333
  C:050FH         LINE#         334
  C:0512H         LINE#         335
  C:051FH         LINE#         336
  C:051FH         LINE#         337
  C:0525H         LINE#         338
  C:0530H         LINE#         340
  C:0537H         LINE#         341
  C:0540H         LINE#         342
  C:054EH         LINE#         343
  -------         ENDPROC       RERANGETHEBUFFERQUEUE
  -------         PROC          WIRELESSMODULE_INIT
  C:05C3H         LINE#         349
  C:05C3H         LINE#         350
  C:05C3H         LINE#         351
  C:05C6H         LINE#         352
  C:05D8H         LINE#         353
  C:05EBH         LINE#         354
  -------         ENDPROC       WIRELESSMODULE_INIT
  -------         PROC          _UART0_SENDBYTE
  D:0007H         SYMBOL        value
  -------         DO            
  D:0006H         SYMBOL        SFRPAGE_SAVE
  -------         ENDDO         
  C:0665H         LINE#         360
  C:0665H         LINE#         361
  C:0665H         LINE#         362
  C:0667H         LINE#         363
  C:066AH         LINE#         365
  C:066EH         LINE#         366
  C:0671H         LINE#         367
  C:0673H         LINE#         370
  C:0675H         LINE#         371
  -------         ENDPROC       _UART0_SENDBYTE
  -------         PROC          _TIMER0_INIT
  D:0008H         SYMBOL        count
  -------         DO            
  D:000AH         SYMBOL        SFRPAGE_SAVE
  -------         ENDDO         
  C:045BH         LINE#         372
  C:045FH         LINE#         373
  C:045FH         LINE#         375
  C:0462H         LINE#         376
  C:047BH         LINE#         377
  C:0495H         LINE#         378
  C:0498H         LINE#         379
  C:049BH         LINE#         380
  C:049BH         LINE#         381
  C:049EH         LINE#         382
  C:04A1H         LINE#         383
  C:04A3H         LINE#         384
  C:04A7H         LINE#         385
  C:04A9H         LINE#         386
  C:04ABH         LINE#         387
  C:04ADH         LINE#         388
BL51 BANKED LINKER/LOCATER V6.22                                                      07/25/2015  11:17:47  PAGE 8


  C:04B0H         LINE#         389
  -------         ENDPROC       _TIMER0_INIT
  -------         PROC          _TIMER1_INIT
  D:0008H         SYMBOL        count
  -------         DO            
  D:000AH         SYMBOL        SFRPAGE_SAVE
  -------         ENDDO         
  C:03AAH         LINE#         390
  C:03AEH         LINE#         391
  C:03AEH         LINE#         392
  C:03B1H         LINE#         393
  C:03CAH         LINE#         394
  C:03E4H         LINE#         395
  C:03E7H         LINE#         396
  C:03EAH         LINE#         398
  C:03EDH         LINE#         399
  C:03F0H         LINE#         401
  C:03F3H         LINE#         402
  C:03F5H         LINE#         403
  C:03F9H         LINE#         404
  C:03FBH         LINE#         405
  C:03FDH         LINE#         406
  C:03FFH         LINE#         407
  C:0402H         LINE#         408
  -------         ENDPROC       _TIMER1_INIT
  -------         PROC          TIMER0_ISR
  C:054FH         LINE#         409
  C:0553H         LINE#         411
  C:0556H         LINE#         412
  C:0556H         LINE#         414
  C:0558H         LINE#         415
  C:055AH         LINE#         416
  C:0565H         LINE#         417
  C:056AH         LINE#         418
  C:056CH         LINE#         420
  C:056CH         LINE#         422
  C:056CH         LINE#         423
  C:056EH         LINE#         424
  C:0570H         LINE#         425
  C:057BH         LINE#         426
  C:0582H         LINE#         427
  C:0584H         LINE#         429
  C:0584H         LINE#         430
  -------         ENDPROC       TIMER0_ISR
  -------         PROC          TIMER1_ISR
  C:0589H         LINE#         431
  C:058DH         LINE#         433
  C:0590H         LINE#         434
  C:0590H         LINE#         436
  C:0592H         LINE#         437
  C:0594H         LINE#         438
  C:059FH         LINE#         439
  C:05A4H         LINE#         440
  C:05A6H         LINE#         442
  C:05A6H         LINE#         444
  C:05A6H         LINE#         445
  C:05A8H         LINE#         446
BL51 BANKED LINKER/LOCATER V6.22                                                      07/25/2015  11:17:47  PAGE 9


  C:05AAH         LINE#         447
  C:05B5H         LINE#         448
  C:05BCH         LINE#         449
  C:05BEH         LINE#         451
  C:05BEH         LINE#         452
  -------         ENDPROC       TIMER1_ISR
  -------         ENDMOD        MAIN

  -------         MODULE        ?C?FPMUL
  C:0026H         PUBLIC        ?C?FPMUL
  -------         ENDMOD        ?C?FPMUL

  -------         MODULE        ?C?FCAST
  C:0136H         PUBLIC        ?C?FCASTC
  C:0131H         PUBLIC        ?C?FCASTI
  C:012CH         PUBLIC        ?C?FCASTL
  -------         ENDMOD        ?C?FCAST

  -------         MODULE        ?C?CASTF
  C:016AH         PUBLIC        ?C?CASTF
  -------         ENDMOD        ?C?CASTF

  -------         MODULE        ?C?CLDPTR
  C:01EBH         PUBLIC        ?C?CLDPTR
  -------         ENDMOD        ?C?CLDPTR

  -------         MODULE        ?C?CSTPTR
  C:0204H         PUBLIC        ?C?CSTPTR
  -------         ENDMOD        ?C?CSTPTR

  -------         MODULE        ?C?LNEG
  C:0216H         PUBLIC        ?C?LNEG
  -------         ENDMOD        ?C?LNEG

  -------         MODULE        STRCAT
  D:0008H         PUBLIC        ?_strcat?BYTE
  C:0403H         PUBLIC        _strcat
  -------         ENDMOD        STRCAT

  -------         MODULE        STRLEN
  C:0650H         PUBLIC        _STRLEN
  -------         ENDMOD        STRLEN

Program Size: data=98.2 xdata=0 code=1639
LINK/LOCATE RUN COMPLETE.  0 WARNING(S),  0 ERROR(S)
