BL51 BANKED LINKER/LOCATER V6.22                                                        11/14/2015  23:11:04  PAGE 1


BL51 BANKED LINKER/LOCATER V6.22, INVOKED BY:
D:\KEIL_V5\C51\BIN\BL51.EXE STARTUP.obj, main.obj TO test3 RAMSIZE (256)


MEMORY MODEL: LARGE WITH FLOATING POINT ARITHMETIC


INPUT MODULES INCLUDED:
  STARTUP.obj (?C_STARTUP)
  main.obj (MAIN)
  D:\KEIL_V5\C51\LIB\C51FPL.LIB (?C?FPADD)
  D:\KEIL_V5\C51\LIB\C51FPL.LIB (?C?FPMUL)
  D:\KEIL_V5\C51\LIB\C51FPL.LIB (?C?FCAST)
  D:\KEIL_V5\C51\LIB\C51FPL.LIB (?C?CASTF)
  D:\KEIL_V5\C51\LIB\C51FPL.LIB (?C?FPGETOPN)
  D:\KEIL_V5\C51\LIB\C51L.LIB (?C_INIT)
  D:\KEIL_V5\C51\LIB\C51L.LIB (?C?CSTPTR)
  D:\KEIL_V5\C51\LIB\C51L.LIB (?C?IILDX)
  D:\KEIL_V5\C51\LIB\C51L.LIB (?C?LNEG)
  D:\KEIL_V5\C51\LIB\C51L.LIB (STRCAT)
  D:\KEIL_V5\C51\LIB\C51L.LIB (STRLEN)
  D:\KEIL_V5\C51\LIB\C51L.LIB (?C?CLDPTR)
  D:\KEIL_V5\C51\LIB\C51L.LIB (?C?ILDIX)


LINK MAP OF MODULE:  test3 (?C_STARTUP)


            TYPE    BASE      LENGTH    RELOCATION   SEGMENT NAME
            -----------------------------------------------------

            * * * * * * *   D A T A   M E M O R Y   * * * * * * *
            REG     0000H     0008H     ABSOLUTE     "REG BANK 0"
            DATA    0008H     0003H     UNIT         _DATA_GROUP_
            DATA    000BH     0001H     UNIT         ?DT?_UART0_SENDBYTE?MAIN
                    000CH     0014H                  *** GAP ***
            BIT     0020H.0   0000H.2   UNIT         ?BI?MAIN
                    0020H.2   0000H.6                *** GAP ***
            IDATA   0021H     0001H     UNIT         ?STACK

            * * * * * * *  X D A T A   M E M O R Y  * * * * * * *
            XDATA   0000H     006BH     UNIT         ?XD?MAIN
            XDATA   006BH     0009H     UNIT         ?XD?_STRCAT?STRCAT
            XDATA   0074H     0006H     UNIT         _XDATA_GROUP_

            * * * * * * *   C O D E   M E M O R Y   * * * * * * *
            CODE    0000H     0003H     ABSOLUTE     
                    0003H     0008H                  *** GAP ***
            CODE    000BH     0003H     ABSOLUTE     
            CODE    000EH     000BH     UNIT         ?CO?MAIN
                    0019H     0002H                  *** GAP ***
            CODE    001BH     0003H     ABSOLUTE     
                    001EH     0005H                  *** GAP ***
            CODE    0023H     0003H     ABSOLUTE     
            CODE    0026H     0322H     UNIT         ?C?LIB_CODE
            CODE    0348H     0196H     UNIT         ?PR?MAIN?MAIN
            CODE    04DEH     00C4H     UNIT         ?PR?UART0_INTERRUPT?MAIN
            CODE    05A2H     0098H     UNIT         ?PR?_TIMER0_INIT?MAIN
BL51 BANKED LINKER/LOCATER V6.22                                                      11/14/2015  23:11:04  PAGE 2


            CODE    063AH     0098H     UNIT         ?PR?_TIMER1_INIT?MAIN
            CODE    06D2H     008CH     UNIT         ?C_C51STARTUP
            CODE    075EH     008CH     UNIT         ?PR?RERANGETHEBUFFERQUEUE?MAIN
            CODE    07EAH     006BH     UNIT         ?C_INITSEG
            CODE    0855H     006BH     UNIT         ?PR?_STRCAT?STRCAT
            CODE    08C0H     0062H     UNIT         ?PR?OSCILLATOR_INIT?MAIN
            CODE    0922H     0046H     UNIT         ?PR?TIMER0_ISR?MAIN
            CODE    0968H     003AH     UNIT         ?PR?TIMER1_ISR?MAIN
            CODE    09A2H     002CH     UNIT         ?PR?WIRELESSMODULE_INIT?MAIN
            CODE    09CEH     0028H     UNIT         ?PR?UART0_INIT?MAIN
            CODE    09F6H     0021H     UNIT         ?PR?_UART0_SENDBYTE?MAIN
            CODE    0A17H     0020H     UNIT         ?PR?PORT_INIT?MAIN
            CODE    0A37H     0015H     UNIT         ?PR?_STRLEN?STRLEN



OVERLAY MAP OF MODULE:   test3 (?C_STARTUP)


SEGMENT                                  DATA_GROUP          XDATA_GROUP
  +--> CALLED SEGMENT                  START    LENGTH     START    LENGTH
--------------------------------------------------------------------------
?C_C51STARTUP                          -----    -----      -----    -----
  +--> ?PR?MAIN?MAIN
  +--> ?C_INITSEG

?PR?MAIN?MAIN                          -----    -----      0074H    0002H
  +--> ?PR?OSCILLATOR_INIT?MAIN
  +--> ?PR?PORT_INIT?MAIN
  +--> ?PR?_TIMER0_INIT?MAIN
  +--> ?PR?_TIMER1_INIT?MAIN

?PR?_TIMER0_INIT?MAIN                  0008H    0001H      0076H    0002H

?PR?_TIMER1_INIT?MAIN                  0008H    0001H      0076H    0002H

*** NEW ROOT ***************************************************

?PR?UART0_INTERRUPT?MAIN               -----    -----      -----    -----
  +--> ?PR?RERANGETHEBUFFERQUEUE?MAIN

?PR?RERANGETHEBUFFERQUEUE?MAIN         -----    -----      0078H    0002H

*** NEW ROOT ***************************************************

?PR?TIMER0_ISR?MAIN                    0009H    0001H      -----    -----

*** NEW ROOT ***************************************************

?PR?TIMER1_ISR?MAIN                    000AH    0001H      -----    -----



SYMBOL TABLE OF MODULE:  test3 (?C_STARTUP)

  VALUE           TYPE          NAME
  ----------------------------------
BL51 BANKED LINKER/LOCATER V6.22                                                      11/14/2015  23:11:04  PAGE 3



  -------         MODULE        ?C_STARTUP
  C:06D2H         SEGMENT       ?C_C51STARTUP
  I:0021H         SEGMENT       ?STACK
  C:0000H         PUBLIC        ?C_STARTUP
  D:00E0H         SYMBOL        ACC
  D:00F0H         SYMBOL        B
  D:0083H         SYMBOL        DPH
  D:0082H         SYMBOL        DPL
  N:0000H         SYMBOL        IBPSTACK
  N:0100H         SYMBOL        IBPSTACKTOP
  N:0080H         SYMBOL        IDATALEN
  C:06D5H         SYMBOL        IDATALOOP
  N:0000H         SYMBOL        PBPSTACK
  N:0100H         SYMBOL        PBPSTACKTOP
  N:0000H         SYMBOL        PDATALEN
  N:0000H         SYMBOL        PDATASTART
  N:0000H         SYMBOL        PPAGE
  N:0000H         SYMBOL        PPAGEENABLE
  D:00A0H         SYMBOL        PPAGE_SFR
  D:0081H         SYMBOL        SP
  C:06D2H         SYMBOL        STARTUP1
  N:0000H         SYMBOL        XBPSTACK
  N:0000H         SYMBOL        XBPSTACKTOP
  N:0000H         SYMBOL        XDATALEN
  N:0000H         SYMBOL        XDATASTART
  C:0000H         LINE#         126
  C:06D2H         LINE#         133
  C:06D4H         LINE#         134
  C:06D5H         LINE#         135
  C:06D6H         LINE#         136
  C:06D8H         LINE#         185
  C:06DBH         LINE#         196
  -------         ENDMOD        ?C_STARTUP

  -------         MODULE        MAIN
  C:0000H         SYMBOL        _ICE_DUMMY_
  D:008FH         PUBLIC        PLL0FLT
  D:00FFH         PUBLIC        WDTCN
  D:00B0H         PUBLIC        P3
  C:0922H         PUBLIC        Timer0_ISR
  B:0020H.0       PUBLIC        pwm1_flag
  D:00C8H         PUBLIC        P4
  C:0968H         PUBLIC        Timer1_ISR
  X:0000H         PUBLIC        TX_Ready
  B:0020H.1       PUBLIC        pwm3_flag
  B:00A8H.7       PUBLIC        EA
  D:008EH         PUBLIC        PLL0MUL
  D:0084H         PUBLIC        SFRPAGE
  D:00A4H         PUBLIC        P0MDOUT
  D:00A5H         PUBLIC        P1MDOUT
  D:00A7H         PUBLIC        P3MDOUT
  D:009CH         PUBLIC        P4MDOUT
  D:009DH         PUBLIC        P5MDOUT
  X:0001H         PUBLIC        PWM1_HighLevelCount
  X:0003H         PUBLIC        PWM3_HighLevelCount
  X:0005H         SYMBOL        Byte
BL51 BANKED LINKER/LOCATER V6.22                                                      11/14/2015  23:11:04  PAGE 4


  D:00B8H         PUBLIC        IP
  D:00E1H         PUBLIC        XBR0
  D:00E2H         PUBLIC        XBR1
  D:00E3H         PUBLIC        XBR2
  C:04DEH         PUBLIC        UART0_Interrupt
  B:00C8H.4       PUBLIC        PWM1
  D:00CCH         PUBLIC        TMR2
  C:0348H         PUBLIC        main
  B:00B0H.4       PUBLIC        PWM3
  X:0006H         PUBLIC        TH0_low_pre
  C:05A2H         PUBLIC        _TIMER0_Init
  X:0008H         PUBLIC        TH1_low_pre
  C:063AH         PUBLIC        _TIMER1_Init
  D:0089H         PUBLIC        PLL0CN
  X:000AH         PUBLIC        TL0_low_pre
  X:000CH         PUBLIC        TL1_low_pre
  D:00C9H         PUBLIC        TMR2CF
  C:09A2H         PUBLIC        WirelessModule_Init
  D:0089H         PUBLIC        TMOD
  D:0088H         PUBLIC        TCON
  D:00C8H         PUBLIC        TMR2CN
  C:0A17H         PUBLIC        PORT_Init
  D:0097H         PUBLIC        CLKSEL
  D:008AH         PUBLIC        OSCICN
  X:000EH         PUBLIC        PWM1_LowLevelCount
  X:0010H         PUBLIC        PWM3_LowLevelCount
  B:00A8H.4       PUBLIC        ES0
  B:00A8H.1       PUBLIC        ET0
  B:00A8H.3       PUBLIC        ET1
  B:0088H.5       PUBLIC        TF0
  B:0098H.0       PUBLIC        RI0
  B:0088H.7       PUBLIC        TF1
  X:0012H         PUBLIC        TxOrder
  D:008CH         PUBLIC        TH0
  B:0098H.1       PUBLIC        TI0
  D:008DH         PUBLIC        TH1
  D:008CH         PUBLIC        OSCXCN
  D:008AH         PUBLIC        TL0
  D:008BH         PUBLIC        TL1
  C:09F6H         PUBLIC        _Uart0_SendByte
  C:075EH         PUBLIC        RerangeTheBufferQueue
  B:0088H.4       PUBLIC        TR0
  B:0088H.6       PUBLIC        TR1
  B:00C8H.2       PUBLIC        TR2
  X:0013H         PUBLIC        UART_Buffer_QueueHead
  D:00CAH         PUBLIC        RCAP2
  X:0016H         PUBLIC        PWM1_HighLevelPercent
  X:001AH         PUBLIC        PWM3_HighLevelPercent
  X:001EH         PUBLIC        PWM_Degree_uc
  X:001FH         PUBLIC        UART_Buffer_QueueBottom
  D:0099H         PUBLIC        SBUF0
  X:0022H         PUBLIC        TxByte
  X:0023H         PUBLIC        UART_Buffer_Queue
  C:09CEH         PUBLIC        UART0_Init
  D:0098H         PUBLIC        SCON0
  D:0091H         PUBLIC        SSTA0
  D:008EH         PUBLIC        CKCON
BL51 BANKED LINKER/LOCATER V6.22                                                      11/14/2015  23:11:04  PAGE 5


  D:00B7H         PUBLIC        FLSCL
  C:08C0H         PUBLIC        OSCILLATOR_Init
  X:0063H         PUBLIC        TH0_high_pre
  X:0065H         PUBLIC        TH1_high_pre
  X:0067H         PUBLIC        TL0_high_pre
  X:0069H         PUBLIC        TL1_high_pre
  D:008DH         PUBLIC        PLL0DIV
  -------         PROC          MAIN
  -------         DO            
  X:0074H         SYMBOL        count
  -------         ENDDO         
  C:0348H         LINE#         115
  C:0348H         LINE#         116
  C:0348H         LINE#         117
  C:034FH         LINE#         118
  C:0352H         LINE#         120
  C:0355H         LINE#         121
  C:0358H         LINE#         123
  C:035BH         LINE#         124
  C:035EH         LINE#         125
  C:0365H         LINE#         126
  C:036CH         LINE#         130
  C:036EH         LINE#         132
  C:0378H         LINE#         133
  C:03BAH         LINE#         134
  C:03E2H         LINE#         135
  C:0424H         LINE#         136
  C:044CH         LINE#         137
  C:0467H         LINE#         138
  C:047EH         LINE#         139
  C:0496H         LINE#         140
  C:04ADH         LINE#         141
  C:04B5H         LINE#         142
  C:04BCH         LINE#         143
  C:04D5H         LINE#         144
  C:04DCH         LINE#         149
  C:04DCH         LINE#         150
  C:04DCH         LINE#         152
  -------         ENDPROC       MAIN
  -------         PROC          OSCILLATOR_INIT
  -------         DO            
  D:0004H         SYMBOL        i
  D:0007H         SYMBOL        SFRPAGE_SAVE
  -------         ENDDO         
  C:08C0H         LINE#         170
  C:08C0H         LINE#         171
  C:08C0H         LINE#         174
  C:08C2H         LINE#         176
  C:08C5H         LINE#         178
  C:08C8H         LINE#         181
  C:08CBH         LINE#         186
  C:08CEH         LINE#         187
  C:08DDH         LINE#         189
  C:08E2H         LINE#         191
  C:08E5H         LINE#         192
  C:08E8H         LINE#         195
  C:08E8H         LINE#         197
BL51 BANKED LINKER/LOCATER V6.22                                                      11/14/2015  23:11:04  PAGE 6


  C:08E8H         LINE#         198
  C:08E8H         LINE#         200
  C:08EBH         LINE#         201
  C:08EBH         LINE#         203
  C:08EBH         LINE#         204
  C:08EBH         LINE#         205
  C:08EBH         LINE#         206
  C:08EBH         LINE#         209
  C:08EEH         LINE#         210
  C:08F1H         LINE#         211
  C:08F4H         LINE#         212
  C:08F7H         LINE#         213
  C:08FAH         LINE#         214
  C:08FDH         LINE#         215
  C:0900H         LINE#         216
  C:0903H         LINE#         218
  C:0906H         LINE#         221
  C:0916H         LINE#         223
  C:0919H         LINE#         225
  C:0919H         LINE#         227
  C:091CH         LINE#         229
  C:091FH         LINE#         231
  C:0921H         LINE#         232
  -------         ENDPROC       OSCILLATOR_INIT
  -------         PROC          PORT_INIT
  -------         DO            
  D:0007H         SYMBOL        SFRPAGE_SAVE
  -------         ENDDO         
  C:0A17H         LINE#         247
  C:0A17H         LINE#         248
  C:0A17H         LINE#         249
  C:0A19H         LINE#         251
  C:0A1CH         LINE#         253
  C:0A1FH         LINE#         254
  C:0A22H         LINE#         255
  C:0A25H         LINE#         258
  C:0A28H         LINE#         259
  C:0A2BH         LINE#         260
  C:0A2EH         LINE#         261
  C:0A31H         LINE#         262
  C:0A34H         LINE#         263
  C:0A36H         LINE#         264
  -------         ENDPROC       PORT_INIT
  -------         PROC          UART0_INIT
  -------         DO            
  D:0007H         SYMBOL        SFRPAGE_SAVE
  -------         ENDDO         
  C:09CEH         LINE#         278
  C:09CEH         LINE#         279
  C:09CEH         LINE#         282
  C:09D0H         LINE#         284
  C:09D3H         LINE#         286
  C:09D5H         LINE#         288
  C:09D8H         LINE#         290
  C:09DEH         LINE#         291
  C:09E4H         LINE#         292
  C:09E6H         LINE#         294
BL51 BANKED LINKER/LOCATER V6.22                                                      11/14/2015  23:11:04  PAGE 7


  C:09E8H         LINE#         296
  C:09EBH         LINE#         299
  C:09EEH         LINE#         304
  C:09F0H         LINE#         305
  C:09F3H         LINE#         307
  C:09F5H         LINE#         308
  -------         ENDPROC       UART0_INIT
  -------         PROC          UART0_INTERRUPT
  C:04DEH         LINE#         324
  C:04FBH         LINE#         326
  C:04FEH         LINE#         328
  C:051CH         LINE#         329
  C:051CH         LINE#         330
  C:051EH         LINE#         331
  C:0524H         LINE#         333
  C:0537H         LINE#         334
  C:0537H         LINE#         335
  C:0549H         LINE#         336
  C:0553H         LINE#         337
  C:0566H         LINE#         338
  C:0566H         LINE#         339
  C:0568H         LINE#         341
  C:056BH         LINE#         342
  C:056BH         LINE#         344
  C:056EH         LINE#         345
  C:056EH         LINE#         346
  C:0570H         LINE#         347
  C:0577H         LINE#         348
  C:0577H         LINE#         349
  C:0579H         LINE#         350
  C:057FH         LINE#         351
  C:0581H         LINE#         353
  C:0581H         LINE#         354
  C:0587H         LINE#         355
  C:0587H         LINE#         356
  C:0587H         LINE#         357
  -------         ENDPROC       UART0_INTERRUPT
  -------         PROC          RERANGETHEBUFFERQUEUE
  -------         DO            
  X:0078H         SYMBOL        count
  D:0006H         SYMBOL        i
  -------         ENDDO         
  C:075EH         LINE#         365
  C:075EH         LINE#         366
  C:075EH         LINE#         367
  C:077DH         LINE#         368
  C:0780H         LINE#         369
  C:0793H         LINE#         370
  C:0793H         LINE#         371
  C:07A6H         LINE#         372
  C:07B0H         LINE#         374
  C:07B7H         LINE#         375
  C:07C5H         LINE#         376
  C:07E9H         LINE#         377
  -------         ENDPROC       RERANGETHEBUFFERQUEUE
  -------         PROC          WIRELESSMODULE_INIT
  C:09A2H         LINE#         383
BL51 BANKED LINKER/LOCATER V6.22                                                      11/14/2015  23:11:04  PAGE 8


  C:09A2H         LINE#         384
  C:09A2H         LINE#         385
  C:09A5H         LINE#         386
  C:09BCH         LINE#         387
  -------         ENDPROC       WIRELESSMODULE_INIT
  -------         PROC          _UART0_SENDBYTE
  D:0007H         SYMBOL        value
  -------         DO            
  D:000BH         SYMBOL        SFRPAGE_SAVE
  -------         ENDDO         
  C:09F6H         LINE#         394
  C:09F6H         LINE#         395
  C:09F6H         LINE#         396
  C:09F9H         LINE#         397
  C:09FCH         LINE#         399
  C:0A02H         LINE#         400
  C:0A07H         LINE#         401
  C:0A0CH         LINE#         402
  C:0A11H         LINE#         403
  C:0A13H         LINE#         406
  C:0A16H         LINE#         407
  -------         ENDPROC       _UART0_SENDBYTE
  -------         PROC          _TIMER0_INIT
  X:0076H         SYMBOL        count
  -------         DO            
  D:0008H         SYMBOL        SFRPAGE_SAVE
  -------         ENDDO         
  C:05A2H         LINE#         408
  C:05AAH         LINE#         409
  C:05AAH         LINE#         411
  C:05ADH         LINE#         412
  C:05EFH         LINE#         413
  C:0617H         LINE#         414
  C:061AH         LINE#         415
  C:061DH         LINE#         416
  C:061DH         LINE#         417
  C:0620H         LINE#         418
  C:0623H         LINE#         419
  C:0626H         LINE#         420
  C:0628H         LINE#         421
  C:0630H         LINE#         422
  C:0632H         LINE#         423
  C:0634H         LINE#         424
  C:0636H         LINE#         425
  C:0639H         LINE#         426
  -------         ENDPROC       _TIMER0_INIT
  -------         PROC          _TIMER1_INIT
  X:0076H         SYMBOL        count
  -------         DO            
  D:0008H         SYMBOL        SFRPAGE_SAVE
  -------         ENDDO         
  C:063AH         LINE#         427
  C:0642H         LINE#         428
  C:0642H         LINE#         429
  C:0645H         LINE#         430
  C:0687H         LINE#         431
  C:06AFH         LINE#         432
BL51 BANKED LINKER/LOCATER V6.22                                                      11/14/2015  23:11:04  PAGE 9


  C:06B2H         LINE#         433
  C:06B5H         LINE#         435
  C:06B8H         LINE#         436
  C:06BBH         LINE#         437
  C:06BEH         LINE#         438
  C:06C0H         LINE#         439
  C:06C8H         LINE#         440
  C:06CAH         LINE#         441
  C:06CCH         LINE#         442
  C:06CEH         LINE#         443
  C:06D1H         LINE#         444
  -------         ENDPROC       _TIMER1_INIT
  -------         PROC          TIMER0_ISR
  -------         DO            
  D:0009H         SYMBOL        SFRPAGE_SAVE
  -------         ENDDO         
  C:0922H         LINE#         445
  C:0928H         LINE#         447
  C:092BH         LINE#         448
  C:092EH         LINE#         450
  C:0931H         LINE#         451
  C:0931H         LINE#         453
  C:0933H         LINE#         454
  C:0936H         LINE#         455
  C:0938H         LINE#         456
  C:093BH         LINE#         459
  C:0942H         LINE#         460
  C:0945H         LINE#         461
  C:0947H         LINE#         463
  C:0947H         LINE#         465
  C:0947H         LINE#         466
  C:0949H         LINE#         467
  C:094CH         LINE#         468
  C:094EH         LINE#         469
  C:0951H         LINE#         472
  C:0958H         LINE#         473
  C:095FH         LINE#         474
  C:0961H         LINE#         476
  -------         ENDPROC       TIMER0_ISR
  -------         PROC          TIMER1_ISR
  -------         DO            
  D:000AH         SYMBOL        SFRPAGE_SAVE
  -------         ENDDO         
  C:0968H         LINE#         479
  C:096EH         LINE#         481
  C:0971H         LINE#         482
  C:0974H         LINE#         483
  C:0977H         LINE#         484
  C:0977H         LINE#         486
  C:0979H         LINE#         487
  C:097BH         LINE#         490
  C:0982H         LINE#         491
  C:0985H         LINE#         492
  C:0987H         LINE#         494
  C:0987H         LINE#         496
  C:0987H         LINE#         497
  C:0989H         LINE#         498
BL51 BANKED LINKER/LOCATER V6.22                                                      11/14/2015  23:11:04  PAGE 10


  C:098BH         LINE#         501
  C:0992H         LINE#         502
  C:0999H         LINE#         503
  C:099BH         LINE#         505
  -------         ENDPROC       TIMER1_ISR
  -------         ENDMOD        MAIN

  -------         MODULE        ?C?FPADD
  C:002DH         PUBLIC        ?C?FPADD
  C:0029H         PUBLIC        ?C?FPSUB
  -------         ENDMOD        ?C?FPADD

  -------         MODULE        ?C?FPMUL
  C:011EH         PUBLIC        ?C?FPMUL
  -------         ENDMOD        ?C?FPMUL

  -------         MODULE        ?C?FCAST
  C:022EH         PUBLIC        ?C?FCASTC
  C:0229H         PUBLIC        ?C?FCASTI
  C:0224H         PUBLIC        ?C?FCASTL
  -------         ENDMOD        ?C?FCAST

  -------         MODULE        ?C?CASTF
  C:0262H         PUBLIC        ?C?CASTF
  -------         ENDMOD        ?C?CASTF

  -------         MODULE        ?C?CSTPTR
  C:02E3H         PUBLIC        ?C?CSTPTR
  -------         ENDMOD        ?C?CSTPTR

  -------         MODULE        ?C?IILDX
  C:02F5H         PUBLIC        ?C?IILDX
  -------         ENDMOD        ?C?IILDX

  -------         MODULE        ?C?LNEG
  C:030BH         PUBLIC        ?C?LNEG
  -------         ENDMOD        ?C?LNEG

  -------         MODULE        STRCAT
  X:006BH         PUBLIC        ?_strcat?BYTE
  C:0855H         PUBLIC        _strcat
  -------         ENDMOD        STRCAT

  -------         MODULE        STRLEN
  C:0A37H         PUBLIC        _STRLEN
  -------         ENDMOD        STRLEN

  -------         MODULE        ?C?CLDPTR
  C:0319H         PUBLIC        ?C?CLDPTR
  -------         ENDMOD        ?C?CLDPTR

  -------         MODULE        ?C?ILDIX
  C:0332H         PUBLIC        ?C?ILDIX
  -------         ENDMOD        ?C?ILDIX

*** WARNING L16: UNCALLED SEGMENT, IGNORED FOR OVERLAY PROCESS
    SEGMENT: ?PR?UART0_INIT?MAIN
BL51 BANKED LINKER/LOCATER V6.22                                                      11/14/2015  23:11:04  PAGE 11



*** WARNING L16: UNCALLED SEGMENT, IGNORED FOR OVERLAY PROCESS
    SEGMENT: ?PR?WIRELESSMODULE_INIT?MAIN

*** WARNING L16: UNCALLED SEGMENT, IGNORED FOR OVERLAY PROCESS
    SEGMENT: ?PR?_UART0_SENDBYTE?MAIN

Program Size: data=13.2 xdata=122 code=2621
LINK/LOCATE RUN COMPLETE.  3 WARNING(S),  0 ERROR(S)
